rm: cannot remove '*.tgz': No such file or directory
Checking Synthesis ...
Done Synthesis ...


Total FPGA Logic Elements:      23,097
Total FPGA memory registers:     3,276
Total FPGA memory bits:         60,264
Total FPGA memory bits:         60,264
Info: Quartus Prime Analysis & Synthesis was successful. 0  errors, 26 non-justified warnings
Please Check Report for following non-justified Warnning IDs
[10036, 12158, 10230, 12161, 276027]

NOTICE! Your design include some possible justified warnings as:
"No output dependent on input pin"
"input pin(s) that do not drive logic"
Please Carefully review the report and make sure the specific reported unused inputs are justified


For more details see qsyn_output_files/ineqsudx_scan.map.rpt


Checking Fit ...


Info: Quartus Prime Fitter was successful. 0  errors, 3 non-justified warnings
Please Check Report for following non-justified Warnning IDs
[332012, 16684, 16618]

For more details see qsyn_output_files/ineqsudx_scan.fit.rpt


Checking Timing (STA) ...


Info: Quartus Prime Timing Analyzer was successful. 0  errors, 4 non-justified warnings
Please Check Report for following non-justified Warnning IDs
[332012, 332148]

Max FPGA Frequency 87.83 MHz


For more details see qsyn_output_files/ineqsudx_scan.sta.rpt


Worst case paths listed at: qsyn_output_files/sta_ineqsudx_scan_worst_paths.rpt
Generating qsyn submission archive: qsyn_ineqsudx_scan_perezba_090926_0648.tgz


