Info: *******************************************************************
Info: Running Quartus Prime Timing Analyzer
    Info: Version 24.1std.0 Build 1077 03/04/2025 SC Lite Edition
    Info: Copyright (C) 2025  Altera Corporation. All rights reserved.
    Info: Your use of Altera Corporation's design tools, logic functions 
    Info: and other software and tools, and any partner logic 
    Info: functions, and any output files from any of the foregoing 
    Info: (including device programming or simulation files), and any 
    Info: associated documentation or information are expressly subject 
    Info: to the terms and conditions of the Altera Program License 
    Info: Subscription Agreement, the Altera Quartus Prime License Agreement,
    Info: the Altera IP License Agreement, or other applicable license
    Info: agreement, including, without limitation, that your use is for
    Info: the sole purpose of programming logic devices manufactured by
    Info: Altera and sold by Altera or its authorized distributors.  Please
    Info: refer to the Altera Software License Subscription Agreements 
    Info: on the Quartus Prime software download page.
    Info: Processing started: Wed Sep  9 07:17:27 2026
Info: Command: quartus_sta -t /data/project/tsmc65/shared/qsyn/util/report_worst.tcl ineqsudx_scan
Info: Quartus(args): ineqsudx_scan
Info (21076): High junction temperature operating condition is not set. Assuming a default value of '85'.
Info (21076): Low junction temperature operating condition is not set. Assuming a default value of '0'.
Critical Warning (332012): Synopsys Design Constraints File file not found: '/data/project/tsmc65/shared/qsyn/basic.sdc'. A Synopsys Design Constraints File is required by the Timing Analyzer to get proper timing constraints. Without it, the Compiler will not properly optimize the design.
Info (332142): No user constrained base clocks found in the design. Calling "derive_clocks -period 1.0"
Info (332105): Deriving Clocks
    Info (332105): create_clock -period 1.000 -name clk clk
Info (332143): No user constrained clock uncertainty found in the design. Calling "derive_clock_uncertainty"
Info (332123): Deriving Clock Uncertainty. Please refer to report_sdc in the Timing Analyzer to see clock uncertainties.
Info (332115): Report Timing: Found 20 setup paths (20 violated).  Worst case slack is -10.385
    Info (332115): -setup
    Info (332115): -npaths 20
    Info (332115): -detail full_path
    Info (332115): -stdout
Info (332115): Path #1: Setup slack is -10.385 (VIOLATED)
    Info (332115): ===================================================================
    Info (332115): From Node    : ineqsudx_scan:ineqsudx_scan|ineqsudx_scan_solver:solver|chosen_cell[3]
    Info (332115): To Node      : ineqsudx_scan:ineqsudx_scan|ineqsudx_scan_solver:solver|domain[19][8]
    Info (332115): Launch Clock : clk
    Info (332115): Latch Clock  : clk
    Info (332115): Data Arrival Path:
    Info (332115): Total (ns)  Incr (ns)     Type  Element
    Info (332115): ==========  ========= ==  ====  ===================================
    Info (332115):      0.000      0.000           launch edge time
    Info (332115):      0.000      0.000           source latency
    Info (332115):      0.000      0.000           clk
    Info (332115):      0.000      0.000 RR    IC  clk~input|i
    Info (332115):      0.735      0.735 RR  CELL  clk~input|o
    Info (332115):      1.629      0.894 RR    IC  clk~inputclkctrl|inclk[0]
    Info (332115):      1.629      0.000 RR  CELL  clk~inputclkctrl|outclk
    Info (332115):      3.098      1.469 RR    IC  ineqsudx_scan|solver|chosen_cell[3]|clk
    Info (332115):      3.608      0.510 RR  CELL  ineqsudx_scan:ineqsudx_scan|ineqsudx_scan_solver:solver|chosen_cell[3]
    Info (332115):      3.815      0.207     uTco  ineqsudx_scan:ineqsudx_scan|ineqsudx_scan_solver:solver|chosen_cell[3]
    Info (332115):      3.815      0.000 FF  CELL  ineqsudx_scan|solver|chosen_cell[3]|q
    Info (332115):      5.710      1.895 FF    IC  ineqsudx_scan|solver|Mux3~4|dataa
    Info (332115):      6.138      0.428 FF  CELL  ineqsudx_scan|solver|Mux3~4|combout
    Info (332115):      6.418      0.280 FF    IC  ineqsudx_scan|solver|Mux3~5|datab
    Info (332115):      6.842      0.424 FF  CELL  ineqsudx_scan|solver|Mux3~5|combout
    Info (332115):      7.083      0.241 FF    IC  ineqsudx_scan|solver|Mux3~8|datac
    Info (332115):      7.386      0.303 FF  CELL  ineqsudx_scan|solver|Mux3~8|combout
    Info (332115):      7.620      0.234 FF    IC  ineqsudx_scan|solver|Mux3~11|datad
    Info (332115):      7.781      0.161 FR  CELL  ineqsudx_scan|solver|Mux3~11|combout
    Info (332115):      9.504      1.723 RR    IC  ineqsudx_scan|solver|Mux3~12|datac
    Info (332115):      9.809      0.305 RR  CELL  ineqsudx_scan|solver|Mux3~12|combout
    Info (332115):     10.011      0.202 RR    IC  ineqsudx_scan|solver|Mux3~55|datad
    Info (332115):     10.177      0.166 RR  CELL  ineqsudx_scan|solver|Mux3~55|combout
    Info (332115):     11.190      1.013 RR    IC  ineqsudx_scan|solver|chosen_digit[8]~1|dataa
    Info (332115):     11.580      0.390 RF  CELL  ineqsudx_scan|solver|chosen_digit[8]~1|combout
    Info (332115):     11.852      0.272 FF    IC  ineqsudx_scan|solver|chosen_digit[8]|datad
    Info (332115):     11.983      0.131 FF  CELL  ineqsudx_scan|solver|chosen_digit[8]|combout
    Info (332115):     14.546      2.563 FF    IC  ineqsudx_scan|solver|DOMAIN_REGISTERS[19].write_domain[8]~3|datac
    Info (332115):     14.844      0.298 FF  CELL  ineqsudx_scan|solver|DOMAIN_REGISTERS[19].write_domain[8]~3|combout
    Info (332115):     14.844      0.000 FF    IC  ineqsudx_scan|solver|domain[19][8]|d
    Info (332115):     14.938      0.094 FF  CELL  ineqsudx_scan:ineqsudx_scan|ineqsudx_scan_solver:solver|domain[19][8]
    Info (332115): Data Required Path:
    Info (332115): Total (ns)  Incr (ns)     Type  Element
    Info (332115): ==========  ========= ==  ====  ===================================
    Info (332115):      1.000      1.000           latch edge time
    Info (332115):      1.000      0.000           source latency
    Info (332115):      1.000      0.000           clk
    Info (332115):      1.000      0.000 RR    IC  clk~input|i
    Info (332115):      1.735      0.735 RR  CELL  clk~input|o
    Info (332115):      2.593      0.858 RR    IC  clk~inputclkctrl|inclk[0]
    Info (332115):      2.593      0.000 RR  CELL  clk~inputclkctrl|outclk
    Info (332115):      4.026      1.433 RR    IC  ineqsudx_scan|solver|domain[19][8]|clk
    Info (332115):      4.501      0.475 RR  CELL  ineqsudx_scan:ineqsudx_scan|ineqsudx_scan_solver:solver|domain[19][8]
    Info (332115):      4.560      0.059           clock pessimism removed
    Info (332115):      4.540     -0.020           clock uncertainty
    Info (332115):      4.553      0.013     uTsu  ineqsudx_scan:ineqsudx_scan|ineqsudx_scan_solver:solver|domain[19][8]
    Info (332115): Data Arrival Time  :    14.938
    Info (332115): Data Required Time :     4.553
    Info (332115): Slack              :   -10.385 (VIOLATED)
    Info (332115): ===================================================================
Info (332115): Path #2: Setup slack is -10.362 (VIOLATED)
    Info (332115): ===================================================================
    Info (332115): From Node    : ineqsudx_scan:ineqsudx_scan|ineqsudx_scan_solver:solver|chosen_cell[0]
    Info (332115): To Node      : ineqsudx_scan:ineqsudx_scan|ineqsudx_scan_solver:solver|domain[19][8]
    Info (332115): Launch Clock : clk
    Info (332115): Latch Clock  : clk
    Info (332115): Data Arrival Path:
    Info (332115): Total (ns)  Incr (ns)     Type  Element
    Info (332115): ==========  ========= ==  ====  ===================================
    Info (332115):      0.000      0.000           launch edge time
    Info (332115):      0.000      0.000           source latency
    Info (332115):      0.000      0.000           clk
    Info (332115):      0.000      0.000 RR    IC  clk~input|i
    Info (332115):      0.735      0.735 RR  CELL  clk~input|o
    Info (332115):      1.629      0.894 RR    IC  clk~inputclkctrl|inclk[0]
    Info (332115):      1.629      0.000 RR  CELL  clk~inputclkctrl|outclk
    Info (332115):      3.119      1.490 RR    IC  ineqsudx_scan|solver|chosen_cell[0]|clk
    Info (332115):      3.629      0.510 RR  CELL  ineqsudx_scan:ineqsudx_scan|ineqsudx_scan_solver:solver|chosen_cell[0]
    Info (332115):      3.836      0.207     uTco  ineqsudx_scan:ineqsudx_scan|ineqsudx_scan_solver:solver|chosen_cell[0]
    Info (332115):      3.836      0.000 FF  CELL  ineqsudx_scan|solver|chosen_cell[0]|q
    Info (332115):      6.458      2.622 FF    IC  ineqsudx_scan|solver|Mux2~7|dataa
    Info (332115):      6.886      0.428 FF  CELL  ineqsudx_scan|solver|Mux2~7|combout
    Info (332115):      7.166      0.280 FF    IC  ineqsudx_scan|solver|Mux2~8|datab
    Info (332115):      7.570      0.404 FF  CELL  ineqsudx_scan|solver|Mux2~8|combout
    Info (332115):      8.986      1.416 FF    IC  ineqsudx_scan|solver|Mux2~11|datac
    Info (332115):      9.267      0.281 FR  CELL  ineqsudx_scan|solver|Mux2~11|combout
    Info (332115):      9.472      0.205 RR    IC  ineqsudx_scan|solver|Mux2~12|datad
    Info (332115):      9.638      0.166 RR  CELL  ineqsudx_scan|solver|Mux2~12|combout
    Info (332115):      9.840      0.202 RR    IC  ineqsudx_scan|solver|Mux2~55|datac
    Info (332115):     10.145      0.305 RR  CELL  ineqsudx_scan|solver|Mux2~55|combout
    Info (332115):     11.132      0.987 RR    IC  ineqsudx_scan|solver|chosen_digit[8]~1|datab
    Info (332115):     11.557      0.425 RF  CELL  ineqsudx_scan|solver|chosen_digit[8]~1|combout
    Info (332115):     11.829      0.272 FF    IC  ineqsudx_scan|solver|chosen_digit[8]|datad
    Info (332115):     11.960      0.131 FF  CELL  ineqsudx_scan|solver|chosen_digit[8]|combout
    Info (332115):     14.523      2.563 FF    IC  ineqsudx_scan|solver|DOMAIN_REGISTERS[19].write_domain[8]~3|datac
    Info (332115):     14.821      0.298 FF  CELL  ineqsudx_scan|solver|DOMAIN_REGISTERS[19].write_domain[8]~3|combout
    Info (332115):     14.821      0.000 FF    IC  ineqsudx_scan|solver|domain[19][8]|d
    Info (332115):     14.915      0.094 FF  CELL  ineqsudx_scan:ineqsudx_scan|ineqsudx_scan_solver:solver|domain[19][8]
    Info (332115): Data Required Path:
    Info (332115): Total (ns)  Incr (ns)     Type  Element
    Info (332115): ==========  ========= ==  ====  ===================================
    Info (332115):      1.000      1.000           latch edge time
    Info (332115):      1.000      0.000           source latency
    Info (332115):      1.000      0.000           clk
    Info (332115):      1.000      0.000 RR    IC  clk~input|i
    Info (332115):      1.735      0.735 RR  CELL  clk~input|o
    Info (332115):      2.593      0.858 RR    IC  clk~inputclkctrl|inclk[0]
    Info (332115):      2.593      0.000 RR  CELL  clk~inputclkctrl|outclk
    Info (332115):      4.026      1.433 RR    IC  ineqsudx_scan|solver|domain[19][8]|clk
    Info (332115):      4.501      0.475 RR  CELL  ineqsudx_scan:ineqsudx_scan|ineqsudx_scan_solver:solver|domain[19][8]
    Info (332115):      4.560      0.059           clock pessimism removed
    Info (332115):      4.540     -0.020           clock uncertainty
    Info (332115):      4.553      0.013     uTsu  ineqsudx_scan:ineqsudx_scan|ineqsudx_scan_solver:solver|domain[19][8]
    Info (332115): Data Arrival Time  :    14.915
    Info (332115): Data Required Time :     4.553
    Info (332115): Slack              :   -10.362 (VIOLATED)
    Info (332115): ===================================================================
Info (332115): Path #3: Setup slack is -10.336 (VIOLATED)
    Info (332115): ===================================================================
    Info (332115): From Node    : ineqsudx_scan:ineqsudx_scan|ineqsudx_scan_solver:solver|domain[63][8]
    Info (332115): To Node      : ineqsudx_scan:ineqsudx_scan|ineqsudx_scan_solver:solver|domain[19][8]
    Info (332115): Launch Clock : clk
    Info (332115): Latch Clock  : clk
    Info (332115): Data Arrival Path:
    Info (332115): Total (ns)  Incr (ns)     Type  Element
    Info (332115): ==========  ========= ==  ====  ===================================
    Info (332115):      0.000      0.000           launch edge time
    Info (332115):      0.000      0.000           source latency
    Info (332115):      0.000      0.000           clk
    Info (332115):      0.000      0.000 RR    IC  clk~input|i
    Info (332115):      0.735      0.735 RR  CELL  clk~input|o
    Info (332115):      1.629      0.894 RR    IC  clk~inputclkctrl|inclk[0]
    Info (332115):      1.629      0.000 RR  CELL  clk~inputclkctrl|outclk
    Info (332115):      3.175      1.546 RR    IC  ineqsudx_scan|solver|domain[63][8]|clk
    Info (332115):      3.685      0.510 RR  CELL  ineqsudx_scan:ineqsudx_scan|ineqsudx_scan_solver:solver|domain[63][8]
    Info (332115):      3.892      0.207     uTco  ineqsudx_scan:ineqsudx_scan|ineqsudx_scan_solver:solver|domain[63][8]
    Info (332115):      3.892      0.000 FF  CELL  ineqsudx_scan|solver|domain[63][8]|q
    Info (332115):      7.702      3.810 FF    IC  ineqsudx_scan|solver|Mux0~52|dataa
    Info (332115):      8.107      0.405 FF  CELL  ineqsudx_scan|solver|Mux0~52|combout
    Info (332115):      8.387      0.280 FF    IC  ineqsudx_scan|solver|Mux0~53|datab
    Info (332115):      8.780      0.393 FF  CELL  ineqsudx_scan|solver|Mux0~53|combout
    Info (332115):      9.795      1.015 FF    IC  ineqsudx_scan|solver|Mux0~54|dataa
    Info (332115):     10.200      0.405 FF  CELL  ineqsudx_scan|solver|Mux0~54|combout
    Info (332115):     10.485      0.285 FF    IC  ineqsudx_scan|solver|Mux0~55|datab
    Info (332115):     10.889      0.404 FF  CELL  ineqsudx_scan|solver|Mux0~55|combout
    Info (332115):     11.631      0.742 FF    IC  ineqsudx_scan|solver|chosen_digit[8]|datac
    Info (332115):     11.934      0.303 FF  CELL  ineqsudx_scan|solver|chosen_digit[8]|combout
    Info (332115):     14.497      2.563 FF    IC  ineqsudx_scan|solver|DOMAIN_REGISTERS[19].write_domain[8]~3|datac
    Info (332115):     14.795      0.298 FF  CELL  ineqsudx_scan|solver|DOMAIN_REGISTERS[19].write_domain[8]~3|combout
    Info (332115):     14.795      0.000 FF    IC  ineqsudx_scan|solver|domain[19][8]|d
    Info (332115):     14.889      0.094 FF  CELL  ineqsudx_scan:ineqsudx_scan|ineqsudx_scan_solver:solver|domain[19][8]
    Info (332115): Data Required Path:
    Info (332115): Total (ns)  Incr (ns)     Type  Element
    Info (332115): ==========  ========= ==  ====  ===================================
    Info (332115):      1.000      1.000           latch edge time
    Info (332115):      1.000      0.000           source latency
    Info (332115):      1.000      0.000           clk
    Info (332115):      1.000      0.000 RR    IC  clk~input|i
    Info (332115):      1.735      0.735 RR  CELL  clk~input|o
    Info (332115):      2.593      0.858 RR    IC  clk~inputclkctrl|inclk[0]
    Info (332115):      2.593      0.000 RR  CELL  clk~inputclkctrl|outclk
    Info (332115):      4.026      1.433 RR    IC  ineqsudx_scan|solver|domain[19][8]|clk
    Info (332115):      4.501      0.475 RR  CELL  ineqsudx_scan:ineqsudx_scan|ineqsudx_scan_solver:solver|domain[19][8]
    Info (332115):      4.560      0.059           clock pessimism removed
    Info (332115):      4.540     -0.020           clock uncertainty
    Info (332115):      4.553      0.013     uTsu  ineqsudx_scan:ineqsudx_scan|ineqsudx_scan_solver:solver|domain[19][8]
    Info (332115): Data Arrival Time  :    14.889
    Info (332115): Data Required Time :     4.553
    Info (332115): Slack              :   -10.336 (VIOLATED)
    Info (332115): ===================================================================
Info (332115): Path #4: Setup slack is -10.330 (VIOLATED)
    Info (332115): ===================================================================
    Info (332115): From Node    : ineqsudx_scan:ineqsudx_scan|ineqsudx_scan_solver:solver|chosen_cell[0]
    Info (332115): To Node      : ineqsudx_scan:ineqsudx_scan|ineqsudx_scan_solver:solver|domain[19][8]
    Info (332115): Launch Clock : clk
    Info (332115): Latch Clock  : clk
    Info (332115): Data Arrival Path:
    Info (332115): Total (ns)  Incr (ns)     Type  Element
    Info (332115): ==========  ========= ==  ====  ===================================
    Info (332115):      0.000      0.000           launch edge time
    Info (332115):      0.000      0.000           source latency
    Info (332115):      0.000      0.000           clk
    Info (332115):      0.000      0.000 RR    IC  clk~input|i
    Info (332115):      0.735      0.735 RR  CELL  clk~input|o
    Info (332115):      1.629      0.894 RR    IC  clk~inputclkctrl|inclk[0]
    Info (332115):      1.629      0.000 RR  CELL  clk~inputclkctrl|outclk
    Info (332115):      3.119      1.490 RR    IC  ineqsudx_scan|solver|chosen_cell[0]|clk
    Info (332115):      3.629      0.510 RR  CELL  ineqsudx_scan:ineqsudx_scan|ineqsudx_scan_solver:solver|chosen_cell[0]
    Info (332115):      3.836      0.207     uTco  ineqsudx_scan:ineqsudx_scan|ineqsudx_scan_solver:solver|chosen_cell[0]
    Info (332115):      3.836      0.000 RR  CELL  ineqsudx_scan|solver|chosen_cell[0]|q
    Info (332115):      6.137      2.301 RR    IC  ineqsudx_scan|solver|Mux2~33|datad
    Info (332115):      6.303      0.166 RR  CELL  ineqsudx_scan|solver|Mux2~33|combout
    Info (332115):      6.507      0.204 RR    IC  ineqsudx_scan|solver|Mux2~34|datad
    Info (332115):      6.652      0.145 RF  CELL  ineqsudx_scan|solver|Mux2~34|combout
    Info (332115):      8.503      1.851 FF    IC  ineqsudx_scan|solver|Mux2~42|datac
    Info (332115):      8.801      0.298 FF  CELL  ineqsudx_scan|solver|Mux2~42|combout
    Info (332115):      9.042      0.241 FF    IC  ineqsudx_scan|solver|Mux2~43|datac
    Info (332115):      9.345      0.303 FF  CELL  ineqsudx_scan|solver|Mux2~43|combout
    Info (332115):      9.581      0.236 FF    IC  ineqsudx_scan|solver|Mux2~54|datad
    Info (332115):      9.742      0.161 FR  CELL  ineqsudx_scan|solver|Mux2~54|combout
    Info (332115):      9.947      0.205 RR    IC  ineqsudx_scan|solver|Mux2~55|datad
    Info (332115):     10.113      0.166 RR  CELL  ineqsudx_scan|solver|Mux2~55|combout
    Info (332115):     11.100      0.987 RR    IC  ineqsudx_scan|solver|chosen_digit[8]~1|datab
    Info (332115):     11.525      0.425 RF  CELL  ineqsudx_scan|solver|chosen_digit[8]~1|combout
    Info (332115):     11.797      0.272 FF    IC  ineqsudx_scan|solver|chosen_digit[8]|datad
    Info (332115):     11.928      0.131 FF  CELL  ineqsudx_scan|solver|chosen_digit[8]|combout
    Info (332115):     14.491      2.563 FF    IC  ineqsudx_scan|solver|DOMAIN_REGISTERS[19].write_domain[8]~3|datac
    Info (332115):     14.789      0.298 FF  CELL  ineqsudx_scan|solver|DOMAIN_REGISTERS[19].write_domain[8]~3|combout
    Info (332115):     14.789      0.000 FF    IC  ineqsudx_scan|solver|domain[19][8]|d
    Info (332115):     14.883      0.094 FF  CELL  ineqsudx_scan:ineqsudx_scan|ineqsudx_scan_solver:solver|domain[19][8]
    Info (332115): Data Required Path:
    Info (332115): Total (ns)  Incr (ns)     Type  Element
    Info (332115): ==========  ========= ==  ====  ===================================
    Info (332115):      1.000      1.000           latch edge time
    Info (332115):      1.000      0.000           source latency
    Info (332115):      1.000      0.000           clk
    Info (332115):      1.000      0.000 RR    IC  clk~input|i
    Info (332115):      1.735      0.735 RR  CELL  clk~input|o
    Info (332115):      2.593      0.858 RR    IC  clk~inputclkctrl|inclk[0]
    Info (332115):      2.593      0.000 RR  CELL  clk~inputclkctrl|outclk
    Info (332115):      4.026      1.433 RR    IC  ineqsudx_scan|solver|domain[19][8]|clk
    Info (332115):      4.501      0.475 RR  CELL  ineqsudx_scan:ineqsudx_scan|ineqsudx_scan_solver:solver|domain[19][8]
    Info (332115):      4.560      0.059           clock pessimism removed
    Info (332115):      4.540     -0.020           clock uncertainty
    Info (332115):      4.553      0.013     uTsu  ineqsudx_scan:ineqsudx_scan|ineqsudx_scan_solver:solver|domain[19][8]
    Info (332115): Data Arrival Time  :    14.883
    Info (332115): Data Required Time :     4.553
    Info (332115): Slack              :   -10.330 (VIOLATED)
    Info (332115): ===================================================================
Info (332115): Path #5: Setup slack is -10.329 (VIOLATED)
    Info (332115): ===================================================================
    Info (332115): From Node    : ineqsudx_scan:ineqsudx_scan|ineqsudx_scan_solver:solver|domain[61][3]
    Info (332115): To Node      : ineqsudx_scan:ineqsudx_scan|ineqsudx_scan_solver:solver|domain[19][8]
    Info (332115): Launch Clock : clk
    Info (332115): Latch Clock  : clk
    Info (332115): Data Arrival Path:
    Info (332115): Total (ns)  Incr (ns)     Type  Element
    Info (332115): ==========  ========= ==  ====  ===================================
    Info (332115):      0.000      0.000           launch edge time
    Info (332115):      0.000      0.000           source latency
    Info (332115):      0.000      0.000           clk
    Info (332115):      0.000      0.000 RR    IC  clk~input|i
    Info (332115):      0.735      0.735 RR  CELL  clk~input|o
    Info (332115):      1.629      0.894 RR    IC  clk~inputclkctrl|inclk[0]
    Info (332115):      1.629      0.000 RR  CELL  clk~inputclkctrl|outclk
    Info (332115):      3.205      1.576 RR    IC  ineqsudx_scan|solver|domain[61][3]|clk
    Info (332115):      3.715      0.510 RR  CELL  ineqsudx_scan:ineqsudx_scan|ineqsudx_scan_solver:solver|domain[61][3]
    Info (332115):      3.922      0.207     uTco  ineqsudx_scan:ineqsudx_scan|ineqsudx_scan_solver:solver|domain[61][3]
    Info (332115):      3.922      0.000 RR  CELL  ineqsudx_scan|solver|domain[61][3]|q
    Info (332115):      6.602      2.680 RR    IC  ineqsudx_scan|solver|Mux5~31|datac
    Info (332115):      6.907      0.305 RR  CELL  ineqsudx_scan|solver|Mux5~31|combout
    Info (332115):      8.096      1.189 RR    IC  ineqsudx_scan|solver|Mux5~32|datad
    Info (332115):      8.262      0.166 RR  CELL  ineqsudx_scan|solver|Mux5~32|combout
    Info (332115):      9.006      0.744 RR    IC  ineqsudx_scan|solver|Mux5~43|datad
    Info (332115):      9.172      0.166 RR  CELL  ineqsudx_scan|solver|Mux5~43|combout
    Info (332115):      9.411      0.239 RR    IC  ineqsudx_scan|solver|Mux5~54|datab
    Info (332115):      9.834      0.423 RR  CELL  ineqsudx_scan|solver|Mux5~54|combout
    Info (332115):     10.036      0.202 RR    IC  ineqsudx_scan|solver|Mux5~55|datad
    Info (332115):     10.202      0.166 RR  CELL  ineqsudx_scan|solver|Mux5~55|combout
    Info (332115):     10.466      0.264 RR    IC  ineqsudx_scan|solver|chosen_digit[4]~0|datab
    Info (332115):     10.908      0.442 RF  CELL  ineqsudx_scan|solver|chosen_digit[4]~0|combout
    Info (332115):     11.204      0.296 FF    IC  ineqsudx_scan|solver|chosen_digit[8]~1|datac
    Info (332115):     11.502      0.298 FF  CELL  ineqsudx_scan|solver|chosen_digit[8]~1|combout
    Info (332115):     11.774      0.272 FF    IC  ineqsudx_scan|solver|chosen_digit[8]|datad
    Info (332115):     11.905      0.131 FF  CELL  ineqsudx_scan|solver|chosen_digit[8]|combout
    Info (332115):     14.468      2.563 FF    IC  ineqsudx_scan|solver|DOMAIN_REGISTERS[19].write_domain[8]~3|datac
    Info (332115):     14.766      0.298 FF  CELL  ineqsudx_scan|solver|DOMAIN_REGISTERS[19].write_domain[8]~3|combout
    Info (332115):     14.766      0.000 FF    IC  ineqsudx_scan|solver|domain[19][8]|d
    Info (332115):     14.860      0.094 FF  CELL  ineqsudx_scan:ineqsudx_scan|ineqsudx_scan_solver:solver|domain[19][8]
    Info (332115): Data Required Path:
    Info (332115): Total (ns)  Incr (ns)     Type  Element
    Info (332115): ==========  ========= ==  ====  ===================================
    Info (332115):      1.000      1.000           latch edge time
    Info (332115):      1.000      0.000           source latency
    Info (332115):      1.000      0.000           clk
    Info (332115):      1.000      0.000 RR    IC  clk~input|i
    Info (332115):      1.735      0.735 RR  CELL  clk~input|o
    Info (332115):      2.593      0.858 RR    IC  clk~inputclkctrl|inclk[0]
    Info (332115):      2.593      0.000 RR  CELL  clk~inputclkctrl|outclk
    Info (332115):      4.026      1.433 RR    IC  ineqsudx_scan|solver|domain[19][8]|clk
    Info (332115):      4.501      0.475 RR  CELL  ineqsudx_scan:ineqsudx_scan|ineqsudx_scan_solver:solver|domain[19][8]
    Info (332115):      4.538      0.037           clock pessimism removed
    Info (332115):      4.518     -0.020           clock uncertainty
    Info (332115):      4.531      0.013     uTsu  ineqsudx_scan:ineqsudx_scan|ineqsudx_scan_solver:solver|domain[19][8]
    Info (332115): Data Arrival Time  :    14.860
    Info (332115): Data Required Time :     4.531
    Info (332115): Slack              :   -10.329 (VIOLATED)
    Info (332115): ===================================================================
Info (332115): Path #6: Setup slack is -10.308 (VIOLATED)
    Info (332115): ===================================================================
    Info (332115): From Node    : ineqsudx_scan:ineqsudx_scan|ineqsudx_scan_solver:solver|domain[67][5]
    Info (332115): To Node      : ineqsudx_scan:ineqsudx_scan|ineqsudx_scan_solver:solver|domain[19][8]
    Info (332115): Launch Clock : clk
    Info (332115): Latch Clock  : clk
    Info (332115): Data Arrival Path:
    Info (332115): Total (ns)  Incr (ns)     Type  Element
    Info (332115): ==========  ========= ==  ====  ===================================
    Info (332115):      0.000      0.000           launch edge time
    Info (332115):      0.000      0.000           source latency
    Info (332115):      0.000      0.000           clk
    Info (332115):      0.000      0.000 RR    IC  clk~input|i
    Info (332115):      0.735      0.735 RR  CELL  clk~input|o
    Info (332115):      1.629      0.894 RR    IC  clk~inputclkctrl|inclk[0]
    Info (332115):      1.629      0.000 RR  CELL  clk~inputclkctrl|outclk
    Info (332115):      3.256      1.627 RR    IC  ineqsudx_scan|solver|domain[67][5]|clk
    Info (332115):      3.766      0.510 RR  CELL  ineqsudx_scan:ineqsudx_scan|ineqsudx_scan_solver:solver|domain[67][5]
    Info (332115):      3.973      0.207     uTco  ineqsudx_scan:ineqsudx_scan|ineqsudx_scan_solver:solver|domain[67][5]
    Info (332115):      3.973      0.000 RR  CELL  ineqsudx_scan|solver|domain[67][5]|q
    Info (332115):      6.266      2.293 RR    IC  ineqsudx_scan|solver|Mux3~9|datad
    Info (332115):      6.432      0.166 RR  CELL  ineqsudx_scan|solver|Mux3~9|combout
    Info (332115):      6.670      0.238 RR    IC  ineqsudx_scan|solver|Mux3~10|datab
    Info (332115):      7.093      0.423 RR  CELL  ineqsudx_scan|solver|Mux3~10|combout
    Info (332115):      7.330      0.237 RR    IC  ineqsudx_scan|solver|Mux3~11|datab
    Info (332115):      7.682      0.352 RR  CELL  ineqsudx_scan|solver|Mux3~11|combout
    Info (332115):      9.405      1.723 RR    IC  ineqsudx_scan|solver|Mux3~12|datac
    Info (332115):      9.710      0.305 RR  CELL  ineqsudx_scan|solver|Mux3~12|combout
    Info (332115):      9.912      0.202 RR    IC  ineqsudx_scan|solver|Mux3~55|datad
    Info (332115):     10.078      0.166 RR  CELL  ineqsudx_scan|solver|Mux3~55|combout
    Info (332115):     11.091      1.013 RR    IC  ineqsudx_scan|solver|chosen_digit[8]~1|dataa
    Info (332115):     11.481      0.390 RF  CELL  ineqsudx_scan|solver|chosen_digit[8]~1|combout
    Info (332115):     11.753      0.272 FF    IC  ineqsudx_scan|solver|chosen_digit[8]|datad
    Info (332115):     11.884      0.131 FF  CELL  ineqsudx_scan|solver|chosen_digit[8]|combout
    Info (332115):     14.447      2.563 FF    IC  ineqsudx_scan|solver|DOMAIN_REGISTERS[19].write_domain[8]~3|datac
    Info (332115):     14.745      0.298 FF  CELL  ineqsudx_scan|solver|DOMAIN_REGISTERS[19].write_domain[8]~3|combout
    Info (332115):     14.745      0.000 FF    IC  ineqsudx_scan|solver|domain[19][8]|d
    Info (332115):     14.839      0.094 FF  CELL  ineqsudx_scan:ineqsudx_scan|ineqsudx_scan_solver:solver|domain[19][8]
    Info (332115): Data Required Path:
    Info (332115): Total (ns)  Incr (ns)     Type  Element
    Info (332115): ==========  ========= ==  ====  ===================================
    Info (332115):      1.000      1.000           latch edge time
    Info (332115):      1.000      0.000           source latency
    Info (332115):      1.000      0.000           clk
    Info (332115):      1.000      0.000 RR    IC  clk~input|i
    Info (332115):      1.735      0.735 RR  CELL  clk~input|o
    Info (332115):      2.593      0.858 RR    IC  clk~inputclkctrl|inclk[0]
    Info (332115):      2.593      0.000 RR  CELL  clk~inputclkctrl|outclk
    Info (332115):      4.026      1.433 RR    IC  ineqsudx_scan|solver|domain[19][8]|clk
    Info (332115):      4.501      0.475 RR  CELL  ineqsudx_scan:ineqsudx_scan|ineqsudx_scan_solver:solver|domain[19][8]
    Info (332115):      4.538      0.037           clock pessimism removed
    Info (332115):      4.518     -0.020           clock uncertainty
    Info (332115):      4.531      0.013     uTsu  ineqsudx_scan:ineqsudx_scan|ineqsudx_scan_solver:solver|domain[19][8]
    Info (332115): Data Arrival Time  :    14.839
    Info (332115): Data Required Time :     4.531
    Info (332115): Slack              :   -10.308 (VIOLATED)
    Info (332115): ===================================================================
Info (332115): Path #7: Setup slack is -10.302 (VIOLATED)
    Info (332115): ===================================================================
    Info (332115): From Node    : ineqsudx_scan:ineqsudx_scan|ineqsudx_scan_solver:solver|domain[69][5]
    Info (332115): To Node      : ineqsudx_scan:ineqsudx_scan|ineqsudx_scan_solver:solver|domain[19][8]
    Info (332115): Launch Clock : clk
    Info (332115): Latch Clock  : clk
    Info (332115): Data Arrival Path:
    Info (332115): Total (ns)  Incr (ns)     Type  Element
    Info (332115): ==========  ========= ==  ====  ===================================
    Info (332115):      0.000      0.000           launch edge time
    Info (332115):      0.000      0.000           source latency
    Info (332115):      0.000      0.000           clk
    Info (332115):      0.000      0.000 RR    IC  clk~input|i
    Info (332115):      0.735      0.735 RR  CELL  clk~input|o
    Info (332115):      1.629      0.894 RR    IC  clk~inputclkctrl|inclk[0]
    Info (332115):      1.629      0.000 RR  CELL  clk~inputclkctrl|outclk
    Info (332115):      3.219      1.590 RR    IC  ineqsudx_scan|solver|domain[69][5]|clk
    Info (332115):      3.729      0.510 RR  CELL  ineqsudx_scan:ineqsudx_scan|ineqsudx_scan_solver:solver|domain[69][5]
    Info (332115):      3.936      0.207     uTco  ineqsudx_scan:ineqsudx_scan|ineqsudx_scan_solver:solver|domain[69][5]
    Info (332115):      3.936      0.000 FF  CELL  ineqsudx_scan|solver|domain[69][5]|q
    Info (332115):      5.902      1.966 FF    IC  ineqsudx_scan|solver|Mux3~4|datad
    Info (332115):      6.033      0.131 FF  CELL  ineqsudx_scan|solver|Mux3~4|combout
    Info (332115):      6.313      0.280 FF    IC  ineqsudx_scan|solver|Mux3~5|datab
    Info (332115):      6.737      0.424 FF  CELL  ineqsudx_scan|solver|Mux3~5|combout
    Info (332115):      6.978      0.241 FF    IC  ineqsudx_scan|solver|Mux3~8|datac
    Info (332115):      7.281      0.303 FF  CELL  ineqsudx_scan|solver|Mux3~8|combout
    Info (332115):      7.515      0.234 FF    IC  ineqsudx_scan|solver|Mux3~11|datad
    Info (332115):      7.676      0.161 FR  CELL  ineqsudx_scan|solver|Mux3~11|combout
    Info (332115):      9.399      1.723 RR    IC  ineqsudx_scan|solver|Mux3~12|datac
    Info (332115):      9.704      0.305 RR  CELL  ineqsudx_scan|solver|Mux3~12|combout
    Info (332115):      9.906      0.202 RR    IC  ineqsudx_scan|solver|Mux3~55|datad
    Info (332115):     10.072      0.166 RR  CELL  ineqsudx_scan|solver|Mux3~55|combout
    Info (332115):     11.085      1.013 RR    IC  ineqsudx_scan|solver|chosen_digit[8]~1|dataa
    Info (332115):     11.475      0.390 RF  CELL  ineqsudx_scan|solver|chosen_digit[8]~1|combout
    Info (332115):     11.747      0.272 FF    IC  ineqsudx_scan|solver|chosen_digit[8]|datad
    Info (332115):     11.878      0.131 FF  CELL  ineqsudx_scan|solver|chosen_digit[8]|combout
    Info (332115):     14.441      2.563 FF    IC  ineqsudx_scan|solver|DOMAIN_REGISTERS[19].write_domain[8]~3|datac
    Info (332115):     14.739      0.298 FF  CELL  ineqsudx_scan|solver|DOMAIN_REGISTERS[19].write_domain[8]~3|combout
    Info (332115):     14.739      0.000 FF    IC  ineqsudx_scan|solver|domain[19][8]|d
    Info (332115):     14.833      0.094 FF  CELL  ineqsudx_scan:ineqsudx_scan|ineqsudx_scan_solver:solver|domain[19][8]
    Info (332115): Data Required Path:
    Info (332115): Total (ns)  Incr (ns)     Type  Element
    Info (332115): ==========  ========= ==  ====  ===================================
    Info (332115):      1.000      1.000           latch edge time
    Info (332115):      1.000      0.000           source latency
    Info (332115):      1.000      0.000           clk
    Info (332115):      1.000      0.000 RR    IC  clk~input|i
    Info (332115):      1.735      0.735 RR  CELL  clk~input|o
    Info (332115):      2.593      0.858 RR    IC  clk~inputclkctrl|inclk[0]
    Info (332115):      2.593      0.000 RR  CELL  clk~inputclkctrl|outclk
    Info (332115):      4.026      1.433 RR    IC  ineqsudx_scan|solver|domain[19][8]|clk
    Info (332115):      4.501      0.475 RR  CELL  ineqsudx_scan:ineqsudx_scan|ineqsudx_scan_solver:solver|domain[19][8]
    Info (332115):      4.538      0.037           clock pessimism removed
    Info (332115):      4.518     -0.020           clock uncertainty
    Info (332115):      4.531      0.013     uTsu  ineqsudx_scan:ineqsudx_scan|ineqsudx_scan_solver:solver|domain[19][8]
    Info (332115): Data Arrival Time  :    14.833
    Info (332115): Data Required Time :     4.531
    Info (332115): Slack              :   -10.302 (VIOLATED)
    Info (332115): ===================================================================
Info (332115): Path #8: Setup slack is -10.276 (VIOLATED)
    Info (332115): ===================================================================
    Info (332115): From Node    : ineqsudx_scan:ineqsudx_scan|ineqsudx_scan_solver:solver|chosen_cell[0]
    Info (332115): To Node      : ineqsudx_scan:ineqsudx_scan|ineqsudx_scan_solver:solver|domain[19][8]
    Info (332115): Launch Clock : clk
    Info (332115): Latch Clock  : clk
    Info (332115): Data Arrival Path:
    Info (332115): Total (ns)  Incr (ns)     Type  Element
    Info (332115): ==========  ========= ==  ====  ===================================
    Info (332115):      0.000      0.000           launch edge time
    Info (332115):      0.000      0.000           source latency
    Info (332115):      0.000      0.000           clk
    Info (332115):      0.000      0.000 RR    IC  clk~input|i
    Info (332115):      0.735      0.735 RR  CELL  clk~input|o
    Info (332115):      1.629      0.894 RR    IC  clk~inputclkctrl|inclk[0]
    Info (332115):      1.629      0.000 RR  CELL  clk~inputclkctrl|outclk
    Info (332115):      3.119      1.490 RR    IC  ineqsudx_scan|solver|chosen_cell[0]|clk
    Info (332115):      3.629      0.510 RR  CELL  ineqsudx_scan:ineqsudx_scan|ineqsudx_scan_solver:solver|chosen_cell[0]
    Info (332115):      3.836      0.207     uTco  ineqsudx_scan:ineqsudx_scan|ineqsudx_scan_solver:solver|chosen_cell[0]
    Info (332115):      3.836      0.000 FF  CELL  ineqsudx_scan|solver|chosen_cell[0]|q
    Info (332115):      6.174      2.338 FF    IC  ineqsudx_scan|solver|Mux2~34|datab
    Info (332115):      6.598      0.424 FF  CELL  ineqsudx_scan|solver|Mux2~34|combout
    Info (332115):      8.449      1.851 FF    IC  ineqsudx_scan|solver|Mux2~42|datac
    Info (332115):      8.747      0.298 FF  CELL  ineqsudx_scan|solver|Mux2~42|combout
    Info (332115):      8.988      0.241 FF    IC  ineqsudx_scan|solver|Mux2~43|datac
    Info (332115):      9.291      0.303 FF  CELL  ineqsudx_scan|solver|Mux2~43|combout
    Info (332115):      9.527      0.236 FF    IC  ineqsudx_scan|solver|Mux2~54|datad
    Info (332115):      9.688      0.161 FR  CELL  ineqsudx_scan|solver|Mux2~54|combout
    Info (332115):      9.893      0.205 RR    IC  ineqsudx_scan|solver|Mux2~55|datad
    Info (332115):     10.059      0.166 RR  CELL  ineqsudx_scan|solver|Mux2~55|combout
    Info (332115):     11.046      0.987 RR    IC  ineqsudx_scan|solver|chosen_digit[8]~1|datab
    Info (332115):     11.471      0.425 RF  CELL  ineqsudx_scan|solver|chosen_digit[8]~1|combout
    Info (332115):     11.743      0.272 FF    IC  ineqsudx_scan|solver|chosen_digit[8]|datad
    Info (332115):     11.874      0.131 FF  CELL  ineqsudx_scan|solver|chosen_digit[8]|combout
    Info (332115):     14.437      2.563 FF    IC  ineqsudx_scan|solver|DOMAIN_REGISTERS[19].write_domain[8]~3|datac
    Info (332115):     14.735      0.298 FF  CELL  ineqsudx_scan|solver|DOMAIN_REGISTERS[19].write_domain[8]~3|combout
    Info (332115):     14.735      0.000 FF    IC  ineqsudx_scan|solver|domain[19][8]|d
    Info (332115):     14.829      0.094 FF  CELL  ineqsudx_scan:ineqsudx_scan|ineqsudx_scan_solver:solver|domain[19][8]
    Info (332115): Data Required Path:
    Info (332115): Total (ns)  Incr (ns)     Type  Element
    Info (332115): ==========  ========= ==  ====  ===================================
    Info (332115):      1.000      1.000           latch edge time
    Info (332115):      1.000      0.000           source latency
    Info (332115):      1.000      0.000           clk
    Info (332115):      1.000      0.000 RR    IC  clk~input|i
    Info (332115):      1.735      0.735 RR  CELL  clk~input|o
    Info (332115):      2.593      0.858 RR    IC  clk~inputclkctrl|inclk[0]
    Info (332115):      2.593      0.000 RR  CELL  clk~inputclkctrl|outclk
    Info (332115):      4.026      1.433 RR    IC  ineqsudx_scan|solver|domain[19][8]|clk
    Info (332115):      4.501      0.475 RR  CELL  ineqsudx_scan:ineqsudx_scan|ineqsudx_scan_solver:solver|domain[19][8]
    Info (332115):      4.560      0.059           clock pessimism removed
    Info (332115):      4.540     -0.020           clock uncertainty
    Info (332115):      4.553      0.013     uTsu  ineqsudx_scan:ineqsudx_scan|ineqsudx_scan_solver:solver|domain[19][8]
    Info (332115): Data Arrival Time  :    14.829
    Info (332115): Data Required Time :     4.553
    Info (332115): Slack              :   -10.276 (VIOLATED)
    Info (332115): ===================================================================
Info (332115): Path #9: Setup slack is -10.267 (VIOLATED)
    Info (332115): ===================================================================
    Info (332115): From Node    : ineqsudx_scan:ineqsudx_scan|ineqsudx_scan_solver:solver|chosen_cell[1]
    Info (332115): To Node      : ineqsudx_scan:ineqsudx_scan|ineqsudx_scan_solver:solver|domain[19][8]
    Info (332115): Launch Clock : clk
    Info (332115): Latch Clock  : clk
    Info (332115): Data Arrival Path:
    Info (332115): Total (ns)  Incr (ns)     Type  Element
    Info (332115): ==========  ========= ==  ====  ===================================
    Info (332115):      0.000      0.000           launch edge time
    Info (332115):      0.000      0.000           source latency
    Info (332115):      0.000      0.000           clk
    Info (332115):      0.000      0.000 RR    IC  clk~input|i
    Info (332115):      0.735      0.735 RR  CELL  clk~input|o
    Info (332115):      1.629      0.894 RR    IC  clk~inputclkctrl|inclk[0]
    Info (332115):      1.629      0.000 RR  CELL  clk~inputclkctrl|outclk
    Info (332115):      3.119      1.490 RR    IC  ineqsudx_scan|solver|chosen_cell[1]|clk
    Info (332115):      3.629      0.510 RR  CELL  ineqsudx_scan:ineqsudx_scan|ineqsudx_scan_solver:solver|chosen_cell[1]
    Info (332115):      3.836      0.207     uTco  ineqsudx_scan:ineqsudx_scan|ineqsudx_scan_solver:solver|chosen_cell[1]
    Info (332115):      3.836      0.000 FF  CELL  ineqsudx_scan|solver|chosen_cell[1]|q
    Info (332115):      5.795      1.959 FF    IC  ineqsudx_scan|solver|Mux2~33|datab
    Info (332115):      6.240      0.445 FR  CELL  ineqsudx_scan|solver|Mux2~33|combout
    Info (332115):      6.444      0.204 RR    IC  ineqsudx_scan|solver|Mux2~34|datad
    Info (332115):      6.589      0.145 RF  CELL  ineqsudx_scan|solver|Mux2~34|combout
    Info (332115):      8.440      1.851 FF    IC  ineqsudx_scan|solver|Mux2~42|datac
    Info (332115):      8.738      0.298 FF  CELL  ineqsudx_scan|solver|Mux2~42|combout
    Info (332115):      8.979      0.241 FF    IC  ineqsudx_scan|solver|Mux2~43|datac
    Info (332115):      9.282      0.303 FF  CELL  ineqsudx_scan|solver|Mux2~43|combout
    Info (332115):      9.518      0.236 FF    IC  ineqsudx_scan|solver|Mux2~54|datad
    Info (332115):      9.679      0.161 FR  CELL  ineqsudx_scan|solver|Mux2~54|combout
    Info (332115):      9.884      0.205 RR    IC  ineqsudx_scan|solver|Mux2~55|datad
    Info (332115):     10.050      0.166 RR  CELL  ineqsudx_scan|solver|Mux2~55|combout
    Info (332115):     11.037      0.987 RR    IC  ineqsudx_scan|solver|chosen_digit[8]~1|datab
    Info (332115):     11.462      0.425 RF  CELL  ineqsudx_scan|solver|chosen_digit[8]~1|combout
    Info (332115):     11.734      0.272 FF    IC  ineqsudx_scan|solver|chosen_digit[8]|datad
    Info (332115):     11.865      0.131 FF  CELL  ineqsudx_scan|solver|chosen_digit[8]|combout
    Info (332115):     14.428      2.563 FF    IC  ineqsudx_scan|solver|DOMAIN_REGISTERS[19].write_domain[8]~3|datac
    Info (332115):     14.726      0.298 FF  CELL  ineqsudx_scan|solver|DOMAIN_REGISTERS[19].write_domain[8]~3|combout
    Info (332115):     14.726      0.000 FF    IC  ineqsudx_scan|solver|domain[19][8]|d
    Info (332115):     14.820      0.094 FF  CELL  ineqsudx_scan:ineqsudx_scan|ineqsudx_scan_solver:solver|domain[19][8]
    Info (332115): Data Required Path:
    Info (332115): Total (ns)  Incr (ns)     Type  Element
    Info (332115): ==========  ========= ==  ====  ===================================
    Info (332115):      1.000      1.000           latch edge time
    Info (332115):      1.000      0.000           source latency
    Info (332115):      1.000      0.000           clk
    Info (332115):      1.000      0.000 RR    IC  clk~input|i
    Info (332115):      1.735      0.735 RR  CELL  clk~input|o
    Info (332115):      2.593      0.858 RR    IC  clk~inputclkctrl|inclk[0]
    Info (332115):      2.593      0.000 RR  CELL  clk~inputclkctrl|outclk
    Info (332115):      4.026      1.433 RR    IC  ineqsudx_scan|solver|domain[19][8]|clk
    Info (332115):      4.501      0.475 RR  CELL  ineqsudx_scan:ineqsudx_scan|ineqsudx_scan_solver:solver|domain[19][8]
    Info (332115):      4.560      0.059           clock pessimism removed
    Info (332115):      4.540     -0.020           clock uncertainty
    Info (332115):      4.553      0.013     uTsu  ineqsudx_scan:ineqsudx_scan|ineqsudx_scan_solver:solver|domain[19][8]
    Info (332115): Data Arrival Time  :    14.820
    Info (332115): Data Required Time :     4.553
    Info (332115): Slack              :   -10.267 (VIOLATED)
    Info (332115): ===================================================================
Info (332115): Path #10: Setup slack is -10.255 (VIOLATED)
    Info (332115): ===================================================================
    Info (332115): From Node    : ineqsudx_scan:ineqsudx_scan|ineqsudx_scan_solver:solver|domain[71][5]
    Info (332115): To Node      : ineqsudx_scan:ineqsudx_scan|ineqsudx_scan_solver:solver|domain[19][8]
    Info (332115): Launch Clock : clk
    Info (332115): Latch Clock  : clk
    Info (332115): Data Arrival Path:
    Info (332115): Total (ns)  Incr (ns)     Type  Element
    Info (332115): ==========  ========= ==  ====  ===================================
    Info (332115):      0.000      0.000           launch edge time
    Info (332115):      0.000      0.000           source latency
    Info (332115):      0.000      0.000           clk
    Info (332115):      0.000      0.000 RR    IC  clk~input|i
    Info (332115):      0.735      0.735 RR  CELL  clk~input|o
    Info (332115):      1.629      0.894 RR    IC  clk~inputclkctrl|inclk[0]
    Info (332115):      1.629      0.000 RR  CELL  clk~inputclkctrl|outclk
    Info (332115):      3.217      1.588 RR    IC  ineqsudx_scan|solver|domain[71][5]|clk
    Info (332115):      3.727      0.510 RR  CELL  ineqsudx_scan:ineqsudx_scan|ineqsudx_scan_solver:solver|domain[71][5]
    Info (332115):      3.934      0.207     uTco  ineqsudx_scan:ineqsudx_scan|ineqsudx_scan_solver:solver|domain[71][5]
    Info (332115):      3.934      0.000 FF  CELL  ineqsudx_scan|solver|domain[71][5]|q
    Info (332115):      6.035      2.101 FF    IC  ineqsudx_scan|solver|Mux3~9|datac
    Info (332115):      6.338      0.303 FF  CELL  ineqsudx_scan|solver|Mux3~9|combout
    Info (332115):      6.622      0.284 FF    IC  ineqsudx_scan|solver|Mux3~10|datab
    Info (332115):      7.046      0.424 FF  CELL  ineqsudx_scan|solver|Mux3~10|combout
    Info (332115):      7.325      0.279 FF    IC  ineqsudx_scan|solver|Mux3~11|datab
    Info (332115):      7.681      0.356 FF  CELL  ineqsudx_scan|solver|Mux3~11|combout
    Info (332115):      9.423      1.742 FF    IC  ineqsudx_scan|solver|Mux3~12|datac
    Info (332115):      9.726      0.303 FF  CELL  ineqsudx_scan|solver|Mux3~12|combout
    Info (332115):      9.959      0.233 FF    IC  ineqsudx_scan|solver|Mux3~55|datad
    Info (332115):     10.090      0.131 FF  CELL  ineqsudx_scan|solver|Mux3~55|combout
    Info (332115):     11.100      1.010 FF    IC  ineqsudx_scan|solver|chosen_digit[8]~1|dataa
    Info (332115):     11.489      0.389 FR  CELL  ineqsudx_scan|solver|chosen_digit[8]~1|combout
    Info (332115):     11.726      0.237 RR    IC  ineqsudx_scan|solver|chosen_digit[8]|datad
    Info (332115):     11.892      0.166 RR  CELL  ineqsudx_scan|solver|chosen_digit[8]|combout
    Info (332115):     14.393      2.501 RR    IC  ineqsudx_scan|solver|DOMAIN_REGISTERS[19].write_domain[8]~3|datac
    Info (332115):     14.697      0.304 RR  CELL  ineqsudx_scan|solver|DOMAIN_REGISTERS[19].write_domain[8]~3|combout
    Info (332115):     14.697      0.000 RR    IC  ineqsudx_scan|solver|domain[19][8]|d
    Info (332115):     14.786      0.089 RR  CELL  ineqsudx_scan:ineqsudx_scan|ineqsudx_scan_solver:solver|domain[19][8]
    Info (332115): Data Required Path:
    Info (332115): Total (ns)  Incr (ns)     Type  Element
    Info (332115): ==========  ========= ==  ====  ===================================
    Info (332115):      1.000      1.000           latch edge time
    Info (332115):      1.000      0.000           source latency
    Info (332115):      1.000      0.000           clk
    Info (332115):      1.000      0.000 RR    IC  clk~input|i
    Info (332115):      1.735      0.735 RR  CELL  clk~input|o
    Info (332115):      2.593      0.858 RR    IC  clk~inputclkctrl|inclk[0]
    Info (332115):      2.593      0.000 RR  CELL  clk~inputclkctrl|outclk
    Info (332115):      4.026      1.433 RR    IC  ineqsudx_scan|solver|domain[19][8]|clk
    Info (332115):      4.501      0.475 RR  CELL  ineqsudx_scan:ineqsudx_scan|ineqsudx_scan_solver:solver|domain[19][8]
    Info (332115):      4.538      0.037           clock pessimism removed
    Info (332115):      4.518     -0.020           clock uncertainty
    Info (332115):      4.531      0.013     uTsu  ineqsudx_scan:ineqsudx_scan|ineqsudx_scan_solver:solver|domain[19][8]
    Info (332115): Data Arrival Time  :    14.786
    Info (332115): Data Required Time :     4.531
    Info (332115): Slack              :   -10.255 (VIOLATED)
    Info (332115): ===================================================================
Info (332115): Path #11: Setup slack is -10.239 (VIOLATED)
    Info (332115): ===================================================================
    Info (332115): From Node    : ineqsudx_scan:ineqsudx_scan|ineqsudx_scan_solver:solver|domain[32][6]
    Info (332115): To Node      : ineqsudx_scan:ineqsudx_scan|ineqsudx_scan_solver:solver|domain[19][8]
    Info (332115): Launch Clock : clk
    Info (332115): Latch Clock  : clk
    Info (332115): Data Arrival Path:
    Info (332115): Total (ns)  Incr (ns)     Type  Element
    Info (332115): ==========  ========= ==  ====  ===================================
    Info (332115):      0.000      0.000           launch edge time
    Info (332115):      0.000      0.000           source latency
    Info (332115):      0.000      0.000           clk
    Info (332115):      0.000      0.000 RR    IC  clk~input|i
    Info (332115):      0.735      0.735 RR  CELL  clk~input|o
    Info (332115):      1.629      0.894 RR    IC  clk~inputclkctrl|inclk[0]
    Info (332115):      1.629      0.000 RR  CELL  clk~inputclkctrl|outclk
    Info (332115):      3.234      1.605 RR    IC  ineqsudx_scan|solver|domain[32][6]|clk
    Info (332115):      3.744      0.510 RR  CELL  ineqsudx_scan:ineqsudx_scan|ineqsudx_scan_solver:solver|domain[32][6]
    Info (332115):      3.951      0.207     uTco  ineqsudx_scan:ineqsudx_scan|ineqsudx_scan_solver:solver|domain[32][6]
    Info (332115):      3.951      0.000 RR  CELL  ineqsudx_scan|solver|domain[32][6]|q
    Info (332115):      5.768      1.817 RR    IC  ineqsudx_scan|solver|Mux2~33|dataa
    Info (332115):      6.190      0.422 RR  CELL  ineqsudx_scan|solver|Mux2~33|combout
    Info (332115):      6.394      0.204 RR    IC  ineqsudx_scan|solver|Mux2~34|datad
    Info (332115):      6.539      0.145 RF  CELL  ineqsudx_scan|solver|Mux2~34|combout
    Info (332115):      8.390      1.851 FF    IC  ineqsudx_scan|solver|Mux2~42|datac
    Info (332115):      8.688      0.298 FF  CELL  ineqsudx_scan|solver|Mux2~42|combout
    Info (332115):      8.929      0.241 FF    IC  ineqsudx_scan|solver|Mux2~43|datac
    Info (332115):      9.232      0.303 FF  CELL  ineqsudx_scan|solver|Mux2~43|combout
    Info (332115):      9.468      0.236 FF    IC  ineqsudx_scan|solver|Mux2~54|datad
    Info (332115):      9.629      0.161 FR  CELL  ineqsudx_scan|solver|Mux2~54|combout
    Info (332115):      9.834      0.205 RR    IC  ineqsudx_scan|solver|Mux2~55|datad
    Info (332115):     10.000      0.166 RR  CELL  ineqsudx_scan|solver|Mux2~55|combout
    Info (332115):     10.987      0.987 RR    IC  ineqsudx_scan|solver|chosen_digit[8]~1|datab
    Info (332115):     11.412      0.425 RF  CELL  ineqsudx_scan|solver|chosen_digit[8]~1|combout
    Info (332115):     11.684      0.272 FF    IC  ineqsudx_scan|solver|chosen_digit[8]|datad
    Info (332115):     11.815      0.131 FF  CELL  ineqsudx_scan|solver|chosen_digit[8]|combout
    Info (332115):     14.378      2.563 FF    IC  ineqsudx_scan|solver|DOMAIN_REGISTERS[19].write_domain[8]~3|datac
    Info (332115):     14.676      0.298 FF  CELL  ineqsudx_scan|solver|DOMAIN_REGISTERS[19].write_domain[8]~3|combout
    Info (332115):     14.676      0.000 FF    IC  ineqsudx_scan|solver|domain[19][8]|d
    Info (332115):     14.770      0.094 FF  CELL  ineqsudx_scan:ineqsudx_scan|ineqsudx_scan_solver:solver|domain[19][8]
    Info (332115): Data Required Path:
    Info (332115): Total (ns)  Incr (ns)     Type  Element
    Info (332115): ==========  ========= ==  ====  ===================================
    Info (332115):      1.000      1.000           latch edge time
    Info (332115):      1.000      0.000           source latency
    Info (332115):      1.000      0.000           clk
    Info (332115):      1.000      0.000 RR    IC  clk~input|i
    Info (332115):      1.735      0.735 RR  CELL  clk~input|o
    Info (332115):      2.593      0.858 RR    IC  clk~inputclkctrl|inclk[0]
    Info (332115):      2.593      0.000 RR  CELL  clk~inputclkctrl|outclk
    Info (332115):      4.026      1.433 RR    IC  ineqsudx_scan|solver|domain[19][8]|clk
    Info (332115):      4.501      0.475 RR  CELL  ineqsudx_scan:ineqsudx_scan|ineqsudx_scan_solver:solver|domain[19][8]
    Info (332115):      4.538      0.037           clock pessimism removed
    Info (332115):      4.518     -0.020           clock uncertainty
    Info (332115):      4.531      0.013     uTsu  ineqsudx_scan:ineqsudx_scan|ineqsudx_scan_solver:solver|domain[19][8]
    Info (332115): Data Arrival Time  :    14.770
    Info (332115): Data Required Time :     4.531
    Info (332115): Slack              :   -10.239 (VIOLATED)
    Info (332115): ===================================================================
Info (332115): Path #12: Setup slack is -10.223 (VIOLATED)
    Info (332115): ===================================================================
    Info (332115): From Node    : ineqsudx_scan:ineqsudx_scan|ineqsudx_scan_solver:solver|chosen_cell[1]
    Info (332115): To Node      : ineqsudx_scan:ineqsudx_scan|ineqsudx_scan_solver:solver|domain[19][8]
    Info (332115): Launch Clock : clk
    Info (332115): Latch Clock  : clk
    Info (332115): Data Arrival Path:
    Info (332115): Total (ns)  Incr (ns)     Type  Element
    Info (332115): ==========  ========= ==  ====  ===================================
    Info (332115):      0.000      0.000           launch edge time
    Info (332115):      0.000      0.000           source latency
    Info (332115):      0.000      0.000           clk
    Info (332115):      0.000      0.000 RR    IC  clk~input|i
    Info (332115):      0.735      0.735 RR  CELL  clk~input|o
    Info (332115):      1.629      0.894 RR    IC  clk~inputclkctrl|inclk[0]
    Info (332115):      1.629      0.000 RR  CELL  clk~inputclkctrl|outclk
    Info (332115):      3.119      1.490 RR    IC  ineqsudx_scan|solver|chosen_cell[1]|clk
    Info (332115):      3.629      0.510 RR  CELL  ineqsudx_scan:ineqsudx_scan|ineqsudx_scan_solver:solver|chosen_cell[1]
    Info (332115):      3.836      0.207     uTco  ineqsudx_scan:ineqsudx_scan|ineqsudx_scan_solver:solver|chosen_cell[1]
    Info (332115):      3.836      0.000 FF  CELL  ineqsudx_scan|solver|chosen_cell[1]|q
    Info (332115):      6.088      2.252 FF    IC  ineqsudx_scan|solver|Mux2~9|datab
    Info (332115):      6.533      0.445 FR  CELL  ineqsudx_scan|solver|Mux2~9|combout
    Info (332115):      6.736      0.203 RR    IC  ineqsudx_scan|solver|Mux2~10|datad
    Info (332115):      6.902      0.166 RR  CELL  ineqsudx_scan|solver|Mux2~10|combout
    Info (332115):      8.740      1.838 RR    IC  ineqsudx_scan|solver|Mux2~11|dataa
    Info (332115):      9.128      0.388 RR  CELL  ineqsudx_scan|solver|Mux2~11|combout
    Info (332115):      9.333      0.205 RR    IC  ineqsudx_scan|solver|Mux2~12|datad
    Info (332115):      9.499      0.166 RR  CELL  ineqsudx_scan|solver|Mux2~12|combout
    Info (332115):      9.701      0.202 RR    IC  ineqsudx_scan|solver|Mux2~55|datac
    Info (332115):     10.006      0.305 RR  CELL  ineqsudx_scan|solver|Mux2~55|combout
    Info (332115):     10.993      0.987 RR    IC  ineqsudx_scan|solver|chosen_digit[8]~1|datab
    Info (332115):     11.418      0.425 RF  CELL  ineqsudx_scan|solver|chosen_digit[8]~1|combout
    Info (332115):     11.690      0.272 FF    IC  ineqsudx_scan|solver|chosen_digit[8]|datad
    Info (332115):     11.821      0.131 FF  CELL  ineqsudx_scan|solver|chosen_digit[8]|combout
    Info (332115):     14.384      2.563 FF    IC  ineqsudx_scan|solver|DOMAIN_REGISTERS[19].write_domain[8]~3|datac
    Info (332115):     14.682      0.298 FF  CELL  ineqsudx_scan|solver|DOMAIN_REGISTERS[19].write_domain[8]~3|combout
    Info (332115):     14.682      0.000 FF    IC  ineqsudx_scan|solver|domain[19][8]|d
    Info (332115):     14.776      0.094 FF  CELL  ineqsudx_scan:ineqsudx_scan|ineqsudx_scan_solver:solver|domain[19][8]
    Info (332115): Data Required Path:
    Info (332115): Total (ns)  Incr (ns)     Type  Element
    Info (332115): ==========  ========= ==  ====  ===================================
    Info (332115):      1.000      1.000           latch edge time
    Info (332115):      1.000      0.000           source latency
    Info (332115):      1.000      0.000           clk
    Info (332115):      1.000      0.000 RR    IC  clk~input|i
    Info (332115):      1.735      0.735 RR  CELL  clk~input|o
    Info (332115):      2.593      0.858 RR    IC  clk~inputclkctrl|inclk[0]
    Info (332115):      2.593      0.000 RR  CELL  clk~inputclkctrl|outclk
    Info (332115):      4.026      1.433 RR    IC  ineqsudx_scan|solver|domain[19][8]|clk
    Info (332115):      4.501      0.475 RR  CELL  ineqsudx_scan:ineqsudx_scan|ineqsudx_scan_solver:solver|domain[19][8]
    Info (332115):      4.560      0.059           clock pessimism removed
    Info (332115):      4.540     -0.020           clock uncertainty
    Info (332115):      4.553      0.013     uTsu  ineqsudx_scan:ineqsudx_scan|ineqsudx_scan_solver:solver|domain[19][8]
    Info (332115): Data Arrival Time  :    14.776
    Info (332115): Data Required Time :     4.553
    Info (332115): Slack              :   -10.223 (VIOLATED)
    Info (332115): ===================================================================
Info (332115): Path #13: Setup slack is -10.205 (VIOLATED)
    Info (332115): ===================================================================
    Info (332115): From Node    : ineqsudx_scan:ineqsudx_scan|ineqsudx_scan_solver:solver|chosen_cell[5]
    Info (332115): To Node      : ineqsudx_scan:ineqsudx_scan|ineqsudx_scan_solver:solver|domain[19][8]
    Info (332115): Launch Clock : clk
    Info (332115): Latch Clock  : clk
    Info (332115): Data Arrival Path:
    Info (332115): Total (ns)  Incr (ns)     Type  Element
    Info (332115): ==========  ========= ==  ====  ===================================
    Info (332115):      0.000      0.000           launch edge time
    Info (332115):      0.000      0.000           source latency
    Info (332115):      0.000      0.000           clk
    Info (332115):      0.000      0.000 RR    IC  clk~input|i
    Info (332115):      0.735      0.735 RR  CELL  clk~input|o
    Info (332115):      1.629      0.894 RR    IC  clk~inputclkctrl|inclk[0]
    Info (332115):      1.629      0.000 RR  CELL  clk~inputclkctrl|outclk
    Info (332115):      3.098      1.469 RR    IC  ineqsudx_scan|solver|chosen_cell[5]|clk
    Info (332115):      3.608      0.510 RR  CELL  ineqsudx_scan:ineqsudx_scan|ineqsudx_scan_solver:solver|chosen_cell[5]
    Info (332115):      3.815      0.207     uTco  ineqsudx_scan:ineqsudx_scan|ineqsudx_scan_solver:solver|chosen_cell[5]
    Info (332115):      3.815      0.000 RR  CELL  ineqsudx_scan|solver|chosen_cell[5]|q
    Info (332115):      5.801      1.986 RR    IC  ineqsudx_scan|solver|Mux2~27|datab
    Info (332115):      6.250      0.449 RF  CELL  ineqsudx_scan|solver|Mux2~27|combout
    Info (332115):      6.483      0.233 FF    IC  ineqsudx_scan|solver|Mux2~28|datad
    Info (332115):      6.644      0.161 FR  CELL  ineqsudx_scan|solver|Mux2~28|combout
    Info (332115):      8.204      1.560 RR    IC  ineqsudx_scan|solver|Mux2~29|datad
    Info (332115):      8.370      0.166 RR  CELL  ineqsudx_scan|solver|Mux2~29|combout
    Info (332115):      8.573      0.203 RR    IC  ineqsudx_scan|solver|Mux2~32|datac
    Info (332115):      8.878      0.305 RR  CELL  ineqsudx_scan|solver|Mux2~32|combout
    Info (332115):      9.080      0.202 RR    IC  ineqsudx_scan|solver|Mux2~43|datad
    Info (332115):      9.246      0.166 RR  CELL  ineqsudx_scan|solver|Mux2~43|combout
    Info (332115):      9.451      0.205 RR    IC  ineqsudx_scan|solver|Mux2~54|datad
    Info (332115):      9.617      0.166 RR  CELL  ineqsudx_scan|solver|Mux2~54|combout
    Info (332115):      9.822      0.205 RR    IC  ineqsudx_scan|solver|Mux2~55|datad
    Info (332115):      9.988      0.166 RR  CELL  ineqsudx_scan|solver|Mux2~55|combout
    Info (332115):     10.975      0.987 RR    IC  ineqsudx_scan|solver|chosen_digit[8]~1|datab
    Info (332115):     11.400      0.425 RF  CELL  ineqsudx_scan|solver|chosen_digit[8]~1|combout
    Info (332115):     11.672      0.272 FF    IC  ineqsudx_scan|solver|chosen_digit[8]|datad
    Info (332115):     11.803      0.131 FF  CELL  ineqsudx_scan|solver|chosen_digit[8]|combout
    Info (332115):     14.366      2.563 FF    IC  ineqsudx_scan|solver|DOMAIN_REGISTERS[19].write_domain[8]~3|datac
    Info (332115):     14.664      0.298 FF  CELL  ineqsudx_scan|solver|DOMAIN_REGISTERS[19].write_domain[8]~3|combout
    Info (332115):     14.664      0.000 FF    IC  ineqsudx_scan|solver|domain[19][8]|d
    Info (332115):     14.758      0.094 FF  CELL  ineqsudx_scan:ineqsudx_scan|ineqsudx_scan_solver:solver|domain[19][8]
    Info (332115): Data Required Path:
    Info (332115): Total (ns)  Incr (ns)     Type  Element
    Info (332115): ==========  ========= ==  ====  ===================================
    Info (332115):      1.000      1.000           latch edge time
    Info (332115):      1.000      0.000           source latency
    Info (332115):      1.000      0.000           clk
    Info (332115):      1.000      0.000 RR    IC  clk~input|i
    Info (332115):      1.735      0.735 RR  CELL  clk~input|o
    Info (332115):      2.593      0.858 RR    IC  clk~inputclkctrl|inclk[0]
    Info (332115):      2.593      0.000 RR  CELL  clk~inputclkctrl|outclk
    Info (332115):      4.026      1.433 RR    IC  ineqsudx_scan|solver|domain[19][8]|clk
    Info (332115):      4.501      0.475 RR  CELL  ineqsudx_scan:ineqsudx_scan|ineqsudx_scan_solver:solver|domain[19][8]
    Info (332115):      4.560      0.059           clock pessimism removed
    Info (332115):      4.540     -0.020           clock uncertainty
    Info (332115):      4.553      0.013     uTsu  ineqsudx_scan:ineqsudx_scan|ineqsudx_scan_solver:solver|domain[19][8]
    Info (332115): Data Arrival Time  :    14.758
    Info (332115): Data Required Time :     4.553
    Info (332115): Slack              :   -10.205 (VIOLATED)
    Info (332115): ===================================================================
Info (332115): Path #14: Setup slack is -10.193 (VIOLATED)
    Info (332115): ===================================================================
    Info (332115): From Node    : ineqsudx_scan:ineqsudx_scan|ineqsudx_scan_solver:solver|chosen_cell[2]
    Info (332115): To Node      : ineqsudx_scan:ineqsudx_scan|ineqsudx_scan_solver:solver|domain[19][8]
    Info (332115): Launch Clock : clk
    Info (332115): Latch Clock  : clk
    Info (332115): Data Arrival Path:
    Info (332115): Total (ns)  Incr (ns)     Type  Element
    Info (332115): ==========  ========= ==  ====  ===================================
    Info (332115):      0.000      0.000           launch edge time
    Info (332115):      0.000      0.000           source latency
    Info (332115):      0.000      0.000           clk
    Info (332115):      0.000      0.000 RR    IC  clk~input|i
    Info (332115):      0.735      0.735 RR  CELL  clk~input|o
    Info (332115):      1.629      0.894 RR    IC  clk~inputclkctrl|inclk[0]
    Info (332115):      1.629      0.000 RR  CELL  clk~inputclkctrl|outclk
    Info (332115):      3.097      1.468 RR    IC  ineqsudx_scan|solver|chosen_cell[2]|clk
    Info (332115):      3.607      0.510 RR  CELL  ineqsudx_scan:ineqsudx_scan|ineqsudx_scan_solver:solver|chosen_cell[2]
    Info (332115):      3.814      0.207     uTco  ineqsudx_scan:ineqsudx_scan|ineqsudx_scan_solver:solver|chosen_cell[2]
    Info (332115):      3.814      0.000 FF  CELL  ineqsudx_scan|solver|chosen_cell[2]|q
    Info (332115):      5.522      1.708 FF    IC  ineqsudx_scan|solver|Mux3~4|datab
    Info (332115):      5.946      0.424 FF  CELL  ineqsudx_scan|solver|Mux3~4|combout
    Info (332115):      6.226      0.280 FF    IC  ineqsudx_scan|solver|Mux3~5|datab
    Info (332115):      6.650      0.424 FF  CELL  ineqsudx_scan|solver|Mux3~5|combout
    Info (332115):      6.891      0.241 FF    IC  ineqsudx_scan|solver|Mux3~8|datac
    Info (332115):      7.194      0.303 FF  CELL  ineqsudx_scan|solver|Mux3~8|combout
    Info (332115):      7.428      0.234 FF    IC  ineqsudx_scan|solver|Mux3~11|datad
    Info (332115):      7.589      0.161 FR  CELL  ineqsudx_scan|solver|Mux3~11|combout
    Info (332115):      9.312      1.723 RR    IC  ineqsudx_scan|solver|Mux3~12|datac
    Info (332115):      9.617      0.305 RR  CELL  ineqsudx_scan|solver|Mux3~12|combout
    Info (332115):      9.819      0.202 RR    IC  ineqsudx_scan|solver|Mux3~55|datad
    Info (332115):      9.985      0.166 RR  CELL  ineqsudx_scan|solver|Mux3~55|combout
    Info (332115):     10.998      1.013 RR    IC  ineqsudx_scan|solver|chosen_digit[8]~1|dataa
    Info (332115):     11.388      0.390 RF  CELL  ineqsudx_scan|solver|chosen_digit[8]~1|combout
    Info (332115):     11.660      0.272 FF    IC  ineqsudx_scan|solver|chosen_digit[8]|datad
    Info (332115):     11.791      0.131 FF  CELL  ineqsudx_scan|solver|chosen_digit[8]|combout
    Info (332115):     14.354      2.563 FF    IC  ineqsudx_scan|solver|DOMAIN_REGISTERS[19].write_domain[8]~3|datac
    Info (332115):     14.652      0.298 FF  CELL  ineqsudx_scan|solver|DOMAIN_REGISTERS[19].write_domain[8]~3|combout
    Info (332115):     14.652      0.000 FF    IC  ineqsudx_scan|solver|domain[19][8]|d
    Info (332115):     14.746      0.094 FF  CELL  ineqsudx_scan:ineqsudx_scan|ineqsudx_scan_solver:solver|domain[19][8]
    Info (332115): Data Required Path:
    Info (332115): Total (ns)  Incr (ns)     Type  Element
    Info (332115): ==========  ========= ==  ====  ===================================
    Info (332115):      1.000      1.000           latch edge time
    Info (332115):      1.000      0.000           source latency
    Info (332115):      1.000      0.000           clk
    Info (332115):      1.000      0.000 RR    IC  clk~input|i
    Info (332115):      1.735      0.735 RR  CELL  clk~input|o
    Info (332115):      2.593      0.858 RR    IC  clk~inputclkctrl|inclk[0]
    Info (332115):      2.593      0.000 RR  CELL  clk~inputclkctrl|outclk
    Info (332115):      4.026      1.433 RR    IC  ineqsudx_scan|solver|domain[19][8]|clk
    Info (332115):      4.501      0.475 RR  CELL  ineqsudx_scan:ineqsudx_scan|ineqsudx_scan_solver:solver|domain[19][8]
    Info (332115):      4.560      0.059           clock pessimism removed
    Info (332115):      4.540     -0.020           clock uncertainty
    Info (332115):      4.553      0.013     uTsu  ineqsudx_scan:ineqsudx_scan|ineqsudx_scan_solver:solver|domain[19][8]
    Info (332115): Data Arrival Time  :    14.746
    Info (332115): Data Required Time :     4.553
    Info (332115): Slack              :   -10.193 (VIOLATED)
    Info (332115): ===================================================================
Info (332115): Path #15: Setup slack is -10.191 (VIOLATED)
    Info (332115): ===================================================================
    Info (332115): From Node    : ineqsudx_scan:ineqsudx_scan|ineqsudx_scan_solver:solver|domain[61][3]
    Info (332115): To Node      : ineqsudx_scan:ineqsudx_scan|ineqsudx_scan_solver:solver|domain[19][4]
    Info (332115): Launch Clock : clk
    Info (332115): Latch Clock  : clk
    Info (332115): Data Arrival Path:
    Info (332115): Total (ns)  Incr (ns)     Type  Element
    Info (332115): ==========  ========= ==  ====  ===================================
    Info (332115):      0.000      0.000           launch edge time
    Info (332115):      0.000      0.000           source latency
    Info (332115):      0.000      0.000           clk
    Info (332115):      0.000      0.000 RR    IC  clk~input|i
    Info (332115):      0.735      0.735 RR  CELL  clk~input|o
    Info (332115):      1.629      0.894 RR    IC  clk~inputclkctrl|inclk[0]
    Info (332115):      1.629      0.000 RR  CELL  clk~inputclkctrl|outclk
    Info (332115):      3.205      1.576 RR    IC  ineqsudx_scan|solver|domain[61][3]|clk
    Info (332115):      3.715      0.510 RR  CELL  ineqsudx_scan:ineqsudx_scan|ineqsudx_scan_solver:solver|domain[61][3]
    Info (332115):      3.922      0.207     uTco  ineqsudx_scan:ineqsudx_scan|ineqsudx_scan_solver:solver|domain[61][3]
    Info (332115):      3.922      0.000 RR  CELL  ineqsudx_scan|solver|domain[61][3]|q
    Info (332115):      6.602      2.680 RR    IC  ineqsudx_scan|solver|Mux5~31|datac
    Info (332115):      6.907      0.305 RR  CELL  ineqsudx_scan|solver|Mux5~31|combout
    Info (332115):      8.096      1.189 RR    IC  ineqsudx_scan|solver|Mux5~32|datad
    Info (332115):      8.262      0.166 RR  CELL  ineqsudx_scan|solver|Mux5~32|combout
    Info (332115):      9.006      0.744 RR    IC  ineqsudx_scan|solver|Mux5~43|datad
    Info (332115):      9.172      0.166 RR  CELL  ineqsudx_scan|solver|Mux5~43|combout
    Info (332115):      9.411      0.239 RR    IC  ineqsudx_scan|solver|Mux5~54|datab
    Info (332115):      9.800      0.389 RF  CELL  ineqsudx_scan|solver|Mux5~54|combout
    Info (332115):     10.033      0.233 FF    IC  ineqsudx_scan|solver|Mux5~55|datad
    Info (332115):     10.164      0.131 FF  CELL  ineqsudx_scan|solver|Mux5~55|combout
    Info (332115):     10.480      0.316 FF    IC  ineqsudx_scan|solver|chosen_digit[4]~0|datab
    Info (332115):     10.897      0.417 FR  CELL  ineqsudx_scan|solver|chosen_digit[4]~0|combout
    Info (332115):     11.747      0.850 RR    IC  ineqsudx_scan|solver|chosen_digit[4]|datad
    Info (332115):     11.913      0.166 RR  CELL  ineqsudx_scan|solver|chosen_digit[4]|combout
    Info (332115):     14.328      2.415 RR    IC  ineqsudx_scan|solver|DOMAIN_REGISTERS[19].write_domain[4]~11|datac
    Info (332115):     14.633      0.305 RR  CELL  ineqsudx_scan|solver|DOMAIN_REGISTERS[19].write_domain[4]~11|combout
    Info (332115):     14.633      0.000 RR    IC  ineqsudx_scan|solver|domain[19][4]|d
    Info (332115):     14.722      0.089 RR  CELL  ineqsudx_scan:ineqsudx_scan|ineqsudx_scan_solver:solver|domain[19][4]
    Info (332115): Data Required Path:
    Info (332115): Total (ns)  Incr (ns)     Type  Element
    Info (332115): ==========  ========= ==  ====  ===================================
    Info (332115):      1.000      1.000           latch edge time
    Info (332115):      1.000      0.000           source latency
    Info (332115):      1.000      0.000           clk
    Info (332115):      1.000      0.000 RR    IC  clk~input|i
    Info (332115):      1.735      0.735 RR  CELL  clk~input|o
    Info (332115):      2.593      0.858 RR    IC  clk~inputclkctrl|inclk[0]
    Info (332115):      2.593      0.000 RR  CELL  clk~inputclkctrl|outclk
    Info (332115):      4.026      1.433 RR    IC  ineqsudx_scan|solver|domain[19][4]|clk
    Info (332115):      4.501      0.475 RR  CELL  ineqsudx_scan:ineqsudx_scan|ineqsudx_scan_solver:solver|domain[19][4]
    Info (332115):      4.538      0.037           clock pessimism removed
    Info (332115):      4.518     -0.020           clock uncertainty
    Info (332115):      4.531      0.013     uTsu  ineqsudx_scan:ineqsudx_scan|ineqsudx_scan_solver:solver|domain[19][4]
    Info (332115): Data Arrival Time  :    14.722
    Info (332115): Data Required Time :     4.531
    Info (332115): Slack              :   -10.191 (VIOLATED)
    Info (332115): ===================================================================
Info (332115): Path #16: Setup slack is -10.180 (VIOLATED)
    Info (332115): ===================================================================
    Info (332115): From Node    : ineqsudx_scan:ineqsudx_scan|ineqsudx_scan_solver:solver|chosen_cell[3]
    Info (332115): To Node      : ineqsudx_scan:ineqsudx_scan|ineqsudx_scan_solver:solver|domain[64][6]
    Info (332115): Launch Clock : clk
    Info (332115): Latch Clock  : clk
    Info (332115): Data Arrival Path:
    Info (332115): Total (ns)  Incr (ns)     Type  Element
    Info (332115): ==========  ========= ==  ====  ===================================
    Info (332115):      0.000      0.000           launch edge time
    Info (332115):      0.000      0.000           source latency
    Info (332115):      0.000      0.000           clk
    Info (332115):      0.000      0.000 RR    IC  clk~input|i
    Info (332115):      0.735      0.735 RR  CELL  clk~input|o
    Info (332115):      1.629      0.894 RR    IC  clk~inputclkctrl|inclk[0]
    Info (332115):      1.629      0.000 RR  CELL  clk~inputclkctrl|outclk
    Info (332115):      3.098      1.469 RR    IC  ineqsudx_scan|solver|chosen_cell[3]|clk
    Info (332115):      3.608      0.510 RR  CELL  ineqsudx_scan:ineqsudx_scan|ineqsudx_scan_solver:solver|chosen_cell[3]
    Info (332115):      3.815      0.207     uTco  ineqsudx_scan:ineqsudx_scan|ineqsudx_scan_solver:solver|chosen_cell[3]
    Info (332115):      3.815      0.000 FF  CELL  ineqsudx_scan|solver|chosen_cell[3]|q
    Info (332115):      5.710      1.895 FF    IC  ineqsudx_scan|solver|Mux3~4|dataa
    Info (332115):      6.138      0.428 FF  CELL  ineqsudx_scan|solver|Mux3~4|combout
    Info (332115):      6.418      0.280 FF    IC  ineqsudx_scan|solver|Mux3~5|datab
    Info (332115):      6.842      0.424 FF  CELL  ineqsudx_scan|solver|Mux3~5|combout
    Info (332115):      7.083      0.241 FF    IC  ineqsudx_scan|solver|Mux3~8|datac
    Info (332115):      7.386      0.303 FF  CELL  ineqsudx_scan|solver|Mux3~8|combout
    Info (332115):      7.620      0.234 FF    IC  ineqsudx_scan|solver|Mux3~11|datad
    Info (332115):      7.781      0.161 FR  CELL  ineqsudx_scan|solver|Mux3~11|combout
    Info (332115):      9.504      1.723 RR    IC  ineqsudx_scan|solver|Mux3~12|datac
    Info (332115):      9.809      0.305 RR  CELL  ineqsudx_scan|solver|Mux3~12|combout
    Info (332115):     10.011      0.202 RR    IC  ineqsudx_scan|solver|Mux3~55|datad
    Info (332115):     10.177      0.166 RR  CELL  ineqsudx_scan|solver|Mux3~55|combout
    Info (332115):     11.580      1.403 RR    IC  ineqsudx_scan|solver|chosen_digit[6]|datab
    Info (332115):     12.029      0.449 RF  CELL  ineqsudx_scan|solver|chosen_digit[6]|combout
    Info (332115):     14.554      2.525 FF    IC  ineqsudx_scan|solver|DOMAIN_REGISTERS[64].write_domain[6]~11|datad
    Info (332115):     14.685      0.131 FF  CELL  ineqsudx_scan|solver|DOMAIN_REGISTERS[64].write_domain[6]~11|combout
    Info (332115):     14.685      0.000 FF    IC  ineqsudx_scan|solver|domain[64][6]|d
    Info (332115):     14.779      0.094 FF  CELL  ineqsudx_scan:ineqsudx_scan|ineqsudx_scan_solver:solver|domain[64][6]
    Info (332115): Data Required Path:
    Info (332115): Total (ns)  Incr (ns)     Type  Element
    Info (332115): ==========  ========= ==  ====  ===================================
    Info (332115):      1.000      1.000           latch edge time
    Info (332115):      1.000      0.000           source latency
    Info (332115):      1.000      0.000           clk
    Info (332115):      1.000      0.000 RR    IC  clk~input|i
    Info (332115):      1.735      0.735 RR  CELL  clk~input|o
    Info (332115):      2.593      0.858 RR    IC  clk~inputclkctrl|inclk[0]
    Info (332115):      2.593      0.000 RR  CELL  clk~inputclkctrl|outclk
    Info (332115):      4.072      1.479 RR    IC  ineqsudx_scan|solver|domain[64][6]|clk
    Info (332115):      4.547      0.475 RR  CELL  ineqsudx_scan:ineqsudx_scan|ineqsudx_scan_solver:solver|domain[64][6]
    Info (332115):      4.606      0.059           clock pessimism removed
    Info (332115):      4.586     -0.020           clock uncertainty
    Info (332115):      4.599      0.013     uTsu  ineqsudx_scan:ineqsudx_scan|ineqsudx_scan_solver:solver|domain[64][6]
    Info (332115): Data Arrival Time  :    14.779
    Info (332115): Data Required Time :     4.599
    Info (332115): Slack              :   -10.180 (VIOLATED)
    Info (332115): ===================================================================
Info (332115): Path #17: Setup slack is -10.177 (VIOLATED)
    Info (332115): ===================================================================
    Info (332115): From Node    : ineqsudx_scan:ineqsudx_scan|ineqsudx_scan_solver:solver|domain[7][4]
    Info (332115): To Node      : ineqsudx_scan:ineqsudx_scan|ineqsudx_scan_solver:solver|domain[19][8]
    Info (332115): Launch Clock : clk
    Info (332115): Latch Clock  : clk
    Info (332115): Data Arrival Path:
    Info (332115): Total (ns)  Incr (ns)     Type  Element
    Info (332115): ==========  ========= ==  ====  ===================================
    Info (332115):      0.000      0.000           launch edge time
    Info (332115):      0.000      0.000           source latency
    Info (332115):      0.000      0.000           clk
    Info (332115):      0.000      0.000 RR    IC  clk~input|i
    Info (332115):      0.735      0.735 RR  CELL  clk~input|o
    Info (332115):      1.629      0.894 RR    IC  clk~inputclkctrl|inclk[0]
    Info (332115):      1.629      0.000 RR  CELL  clk~inputclkctrl|outclk
    Info (332115):      3.255      1.626 RR    IC  ineqsudx_scan|solver|domain[7][4]|clk
    Info (332115):      3.765      0.510 RR  CELL  ineqsudx_scan:ineqsudx_scan|ineqsudx_scan_solver:solver|domain[7][4]
    Info (332115):      3.972      0.207     uTco  ineqsudx_scan:ineqsudx_scan|ineqsudx_scan_solver:solver|domain[7][4]
    Info (332115):      3.972      0.000 FF  CELL  ineqsudx_scan|solver|domain[7][4]|q
    Info (332115):      6.161      2.189 FF    IC  ineqsudx_scan|solver|Mux4~28|datac
    Info (332115):      6.464      0.303 FF  CELL  ineqsudx_scan|solver|Mux4~28|combout
    Info (332115):      7.733      1.269 FF    IC  ineqsudx_scan|solver|Mux4~29|datac
    Info (332115):      8.036      0.303 FF  CELL  ineqsudx_scan|solver|Mux4~29|combout
    Info (332115):      8.278      0.242 FF    IC  ineqsudx_scan|solver|Mux4~32|datac
    Info (332115):      8.581      0.303 FF  CELL  ineqsudx_scan|solver|Mux4~32|combout
    Info (332115):      8.824      0.243 FF    IC  ineqsudx_scan|solver|Mux4~43|datac
    Info (332115):      9.127      0.303 FF  CELL  ineqsudx_scan|solver|Mux4~43|combout
    Info (332115):      9.361      0.234 FF    IC  ineqsudx_scan|solver|Mux4~54|datad
    Info (332115):      9.522      0.161 FR  CELL  ineqsudx_scan|solver|Mux4~54|combout
    Info (332115):      9.761      0.239 RR    IC  ineqsudx_scan|solver|Mux4~55|datab
    Info (332115):     10.184      0.423 RR  CELL  ineqsudx_scan|solver|Mux4~55|combout
    Info (332115):     11.205      1.021 RR    IC  ineqsudx_scan|solver|chosen_digit[8]~1|datad
    Info (332115):     11.350      0.145 RF  CELL  ineqsudx_scan|solver|chosen_digit[8]~1|combout
    Info (332115):     11.622      0.272 FF    IC  ineqsudx_scan|solver|chosen_digit[8]|datad
    Info (332115):     11.753      0.131 FF  CELL  ineqsudx_scan|solver|chosen_digit[8]|combout
    Info (332115):     14.316      2.563 FF    IC  ineqsudx_scan|solver|DOMAIN_REGISTERS[19].write_domain[8]~3|datac
    Info (332115):     14.614      0.298 FF  CELL  ineqsudx_scan|solver|DOMAIN_REGISTERS[19].write_domain[8]~3|combout
    Info (332115):     14.614      0.000 FF    IC  ineqsudx_scan|solver|domain[19][8]|d
    Info (332115):     14.708      0.094 FF  CELL  ineqsudx_scan:ineqsudx_scan|ineqsudx_scan_solver:solver|domain[19][8]
    Info (332115): Data Required Path:
    Info (332115): Total (ns)  Incr (ns)     Type  Element
    Info (332115): ==========  ========= ==  ====  ===================================
    Info (332115):      1.000      1.000           latch edge time
    Info (332115):      1.000      0.000           source latency
    Info (332115):      1.000      0.000           clk
    Info (332115):      1.000      0.000 RR    IC  clk~input|i
    Info (332115):      1.735      0.735 RR  CELL  clk~input|o
    Info (332115):      2.593      0.858 RR    IC  clk~inputclkctrl|inclk[0]
    Info (332115):      2.593      0.000 RR  CELL  clk~inputclkctrl|outclk
    Info (332115):      4.026      1.433 RR    IC  ineqsudx_scan|solver|domain[19][8]|clk
    Info (332115):      4.501      0.475 RR  CELL  ineqsudx_scan:ineqsudx_scan|ineqsudx_scan_solver:solver|domain[19][8]
    Info (332115):      4.538      0.037           clock pessimism removed
    Info (332115):      4.518     -0.020           clock uncertainty
    Info (332115):      4.531      0.013     uTsu  ineqsudx_scan:ineqsudx_scan|ineqsudx_scan_solver:solver|domain[19][8]
    Info (332115): Data Arrival Time  :    14.708
    Info (332115): Data Required Time :     4.531
    Info (332115): Slack              :   -10.177 (VIOLATED)
    Info (332115): ===================================================================
Info (332115): Path #18: Setup slack is -10.173 (VIOLATED)
    Info (332115): ===================================================================
    Info (332115): From Node    : ineqsudx_scan:ineqsudx_scan|ineqsudx_scan_solver:solver|domain[60][8]
    Info (332115): To Node      : ineqsudx_scan:ineqsudx_scan|ineqsudx_scan_solver:solver|domain[19][8]
    Info (332115): Launch Clock : clk
    Info (332115): Latch Clock  : clk
    Info (332115): Data Arrival Path:
    Info (332115): Total (ns)  Incr (ns)     Type  Element
    Info (332115): ==========  ========= ==  ====  ===================================
    Info (332115):      0.000      0.000           launch edge time
    Info (332115):      0.000      0.000           source latency
    Info (332115):      0.000      0.000           clk
    Info (332115):      0.000      0.000 RR    IC  clk~input|i
    Info (332115):      0.735      0.735 RR  CELL  clk~input|o
    Info (332115):      1.629      0.894 RR    IC  clk~inputclkctrl|inclk[0]
    Info (332115):      1.629      0.000 RR  CELL  clk~inputclkctrl|outclk
    Info (332115):      3.644      2.015 RR    IC  ineqsudx_scan|solver|domain[60][8]|clk
    Info (332115):      4.154      0.510 RR  CELL  ineqsudx_scan:ineqsudx_scan|ineqsudx_scan_solver:solver|domain[60][8]
    Info (332115):      4.361      0.207     uTco  ineqsudx_scan:ineqsudx_scan|ineqsudx_scan_solver:solver|domain[60][8]
    Info (332115):      4.361      0.000 FF  CELL  ineqsudx_scan|solver|domain[60][8]|q
    Info (332115):      7.200      2.839 FF    IC  ineqsudx_scan|solver|Mux0~49|datac
    Info (332115):      7.503      0.303 FF  CELL  ineqsudx_scan|solver|Mux0~49|combout
    Info (332115):      7.746      0.243 FF    IC  ineqsudx_scan|solver|Mux0~50|datac
    Info (332115):      8.049      0.303 FF  CELL  ineqsudx_scan|solver|Mux0~50|combout
    Info (332115):      8.292      0.243 FF    IC  ineqsudx_scan|solver|Mux0~53|datac
    Info (332115):      8.595      0.303 FF  CELL  ineqsudx_scan|solver|Mux0~53|combout
    Info (332115):      9.610      1.015 FF    IC  ineqsudx_scan|solver|Mux0~54|dataa
    Info (332115):     10.015      0.405 FF  CELL  ineqsudx_scan|solver|Mux0~54|combout
    Info (332115):     10.300      0.285 FF    IC  ineqsudx_scan|solver|Mux0~55|datab
    Info (332115):     10.704      0.404 FF  CELL  ineqsudx_scan|solver|Mux0~55|combout
    Info (332115):     11.446      0.742 FF    IC  ineqsudx_scan|solver|chosen_digit[8]|datac
    Info (332115):     11.749      0.303 FF  CELL  ineqsudx_scan|solver|chosen_digit[8]|combout
    Info (332115):     14.312      2.563 FF    IC  ineqsudx_scan|solver|DOMAIN_REGISTERS[19].write_domain[8]~3|datac
    Info (332115):     14.610      0.298 FF  CELL  ineqsudx_scan|solver|DOMAIN_REGISTERS[19].write_domain[8]~3|combout
    Info (332115):     14.610      0.000 FF    IC  ineqsudx_scan|solver|domain[19][8]|d
    Info (332115):     14.704      0.094 FF  CELL  ineqsudx_scan:ineqsudx_scan|ineqsudx_scan_solver:solver|domain[19][8]
    Info (332115): Data Required Path:
    Info (332115): Total (ns)  Incr (ns)     Type  Element
    Info (332115): ==========  ========= ==  ====  ===================================
    Info (332115):      1.000      1.000           latch edge time
    Info (332115):      1.000      0.000           source latency
    Info (332115):      1.000      0.000           clk
    Info (332115):      1.000      0.000 RR    IC  clk~input|i
    Info (332115):      1.735      0.735 RR  CELL  clk~input|o
    Info (332115):      2.593      0.858 RR    IC  clk~inputclkctrl|inclk[0]
    Info (332115):      2.593      0.000 RR  CELL  clk~inputclkctrl|outclk
    Info (332115):      4.026      1.433 RR    IC  ineqsudx_scan|solver|domain[19][8]|clk
    Info (332115):      4.501      0.475 RR  CELL  ineqsudx_scan:ineqsudx_scan|ineqsudx_scan_solver:solver|domain[19][8]
    Info (332115):      4.538      0.037           clock pessimism removed
    Info (332115):      4.518     -0.020           clock uncertainty
    Info (332115):      4.531      0.013     uTsu  ineqsudx_scan:ineqsudx_scan|ineqsudx_scan_solver:solver|domain[19][8]
    Info (332115): Data Arrival Time  :    14.704
    Info (332115): Data Required Time :     4.531
    Info (332115): Slack              :   -10.173 (VIOLATED)
    Info (332115): ===================================================================
Info (332115): Path #19: Setup slack is -10.165 (VIOLATED)
    Info (332115): ===================================================================
    Info (332115): From Node    : ineqsudx_scan:ineqsudx_scan|ineqsudx_scan_solver:solver|domain[61][3]
    Info (332115): To Node      : ineqsudx_scan:ineqsudx_scan|ineqsudx_scan_solver:solver|domain[64][6]
    Info (332115): Launch Clock : clk
    Info (332115): Latch Clock  : clk
    Info (332115): Data Arrival Path:
    Info (332115): Total (ns)  Incr (ns)     Type  Element
    Info (332115): ==========  ========= ==  ====  ===================================
    Info (332115):      0.000      0.000           launch edge time
    Info (332115):      0.000      0.000           source latency
    Info (332115):      0.000      0.000           clk
    Info (332115):      0.000      0.000 RR    IC  clk~input|i
    Info (332115):      0.735      0.735 RR  CELL  clk~input|o
    Info (332115):      1.629      0.894 RR    IC  clk~inputclkctrl|inclk[0]
    Info (332115):      1.629      0.000 RR  CELL  clk~inputclkctrl|outclk
    Info (332115):      3.205      1.576 RR    IC  ineqsudx_scan|solver|domain[61][3]|clk
    Info (332115):      3.715      0.510 RR  CELL  ineqsudx_scan:ineqsudx_scan|ineqsudx_scan_solver:solver|domain[61][3]
    Info (332115):      3.922      0.207     uTco  ineqsudx_scan:ineqsudx_scan|ineqsudx_scan_solver:solver|domain[61][3]
    Info (332115):      3.922      0.000 RR  CELL  ineqsudx_scan|solver|domain[61][3]|q
    Info (332115):      6.602      2.680 RR    IC  ineqsudx_scan|solver|Mux5~31|datac
    Info (332115):      6.907      0.305 RR  CELL  ineqsudx_scan|solver|Mux5~31|combout
    Info (332115):      8.096      1.189 RR    IC  ineqsudx_scan|solver|Mux5~32|datad
    Info (332115):      8.262      0.166 RR  CELL  ineqsudx_scan|solver|Mux5~32|combout
    Info (332115):      9.006      0.744 RR    IC  ineqsudx_scan|solver|Mux5~43|datad
    Info (332115):      9.172      0.166 RR  CELL  ineqsudx_scan|solver|Mux5~43|combout
    Info (332115):      9.411      0.239 RR    IC  ineqsudx_scan|solver|Mux5~54|datab
    Info (332115):      9.834      0.423 RR  CELL  ineqsudx_scan|solver|Mux5~54|combout
    Info (332115):     10.036      0.202 RR    IC  ineqsudx_scan|solver|Mux5~55|datad
    Info (332115):     10.202      0.166 RR  CELL  ineqsudx_scan|solver|Mux5~55|combout
    Info (332115):     10.466      0.264 RR    IC  ineqsudx_scan|solver|chosen_digit[4]~0|datab
    Info (332115):     10.908      0.442 RF  CELL  ineqsudx_scan|solver|chosen_digit[4]~0|combout
    Info (332115):     11.694      0.786 FF    IC  ineqsudx_scan|solver|chosen_digit[6]|datac
    Info (332115):     11.992      0.298 FF  CELL  ineqsudx_scan|solver|chosen_digit[6]|combout
    Info (332115):     14.517      2.525 FF    IC  ineqsudx_scan|solver|DOMAIN_REGISTERS[64].write_domain[6]~11|datad
    Info (332115):     14.648      0.131 FF  CELL  ineqsudx_scan|solver|DOMAIN_REGISTERS[64].write_domain[6]~11|combout
    Info (332115):     14.648      0.000 FF    IC  ineqsudx_scan|solver|domain[64][6]|d
    Info (332115):     14.742      0.094 FF  CELL  ineqsudx_scan:ineqsudx_scan|ineqsudx_scan_solver:solver|domain[64][6]
    Info (332115): Data Required Path:
    Info (332115): Total (ns)  Incr (ns)     Type  Element
    Info (332115): ==========  ========= ==  ====  ===================================
    Info (332115):      1.000      1.000           latch edge time
    Info (332115):      1.000      0.000           source latency
    Info (332115):      1.000      0.000           clk
    Info (332115):      1.000      0.000 RR    IC  clk~input|i
    Info (332115):      1.735      0.735 RR  CELL  clk~input|o
    Info (332115):      2.593      0.858 RR    IC  clk~inputclkctrl|inclk[0]
    Info (332115):      2.593      0.000 RR  CELL  clk~inputclkctrl|outclk
    Info (332115):      4.072      1.479 RR    IC  ineqsudx_scan|solver|domain[64][6]|clk
    Info (332115):      4.547      0.475 RR  CELL  ineqsudx_scan:ineqsudx_scan|ineqsudx_scan_solver:solver|domain[64][6]
    Info (332115):      4.584      0.037           clock pessimism removed
    Info (332115):      4.564     -0.020           clock uncertainty
    Info (332115):      4.577      0.013     uTsu  ineqsudx_scan:ineqsudx_scan|ineqsudx_scan_solver:solver|domain[64][6]
    Info (332115): Data Arrival Time  :    14.742
    Info (332115): Data Required Time :     4.577
    Info (332115): Slack              :   -10.165 (VIOLATED)
    Info (332115): ===================================================================
Info (332115): Path #20: Setup slack is -10.163 (VIOLATED)
    Info (332115): ===================================================================
    Info (332115): From Node    : ineqsudx_scan:ineqsudx_scan|ineqsudx_scan_solver:solver|chosen_cell[5]
    Info (332115): To Node      : ineqsudx_scan:ineqsudx_scan|ineqsudx_scan_solver:solver|domain[1][1]
    Info (332115): Launch Clock : clk
    Info (332115): Latch Clock  : clk
    Info (332115): Data Arrival Path:
    Info (332115): Total (ns)  Incr (ns)     Type  Element
    Info (332115): ==========  ========= ==  ====  ===================================
    Info (332115):      0.000      0.000           launch edge time
    Info (332115):      0.000      0.000           source latency
    Info (332115):      0.000      0.000           clk
    Info (332115):      0.000      0.000 RR    IC  clk~input|i
    Info (332115):      0.735      0.735 RR  CELL  clk~input|o
    Info (332115):      1.629      0.894 RR    IC  clk~inputclkctrl|inclk[0]
    Info (332115):      1.629      0.000 RR  CELL  clk~inputclkctrl|outclk
    Info (332115):      3.098      1.469 RR    IC  ineqsudx_scan|solver|chosen_cell[5]|clk
    Info (332115):      3.608      0.510 RR  CELL  ineqsudx_scan:ineqsudx_scan|ineqsudx_scan_solver:solver|chosen_cell[5]
    Info (332115):      3.815      0.207     uTco  ineqsudx_scan:ineqsudx_scan|ineqsudx_scan_solver:solver|chosen_cell[5]
    Info (332115):      3.815      0.000 FF  CELL  ineqsudx_scan|solver|chosen_cell[5]|q
    Info (332115):      5.885      2.070 FF    IC  ineqsudx_scan|solver|Mux7~23|datab
    Info (332115):      6.309      0.424 FF  CELL  ineqsudx_scan|solver|Mux7~23|combout
    Info (332115):      6.542      0.233 FF    IC  ineqsudx_scan|solver|Mux7~24|datad
    Info (332115):      6.703      0.161 FR  CELL  ineqsudx_scan|solver|Mux7~24|combout
    Info (332115):      8.230      1.527 RR    IC  ineqsudx_scan|solver|Mux7~32|datad
    Info (332115):      8.396      0.166 RR  CELL  ineqsudx_scan|solver|Mux7~32|combout
    Info (332115):      8.600      0.204 RR    IC  ineqsudx_scan|solver|Mux7~43|datad
    Info (332115):      8.766      0.166 RR  CELL  ineqsudx_scan|solver|Mux7~43|combout
    Info (332115):      9.473      0.707 RR    IC  ineqsudx_scan|solver|Mux7~54|datad
    Info (332115):      9.639      0.166 RR  CELL  ineqsudx_scan|solver|Mux7~54|combout
    Info (332115):      9.844      0.205 RR    IC  ineqsudx_scan|solver|Mux7~55|datad
    Info (332115):     10.010      0.166 RR  CELL  ineqsudx_scan|solver|Mux7~55|combout
    Info (332115):     10.463      0.453 RR    IC  ineqsudx_scan|solver|chosen_digit[1]|datac
    Info (332115):     10.768      0.305 RR  CELL  ineqsudx_scan|solver|chosen_digit[1]|combout
    Info (332115):     12.215      1.447 RR    IC  ineqsudx_scan|solver|DOMAIN_REGISTERS[1].write_domain[1]~20|datac
    Info (332115):     12.520      0.305 RR  CELL  ineqsudx_scan|solver|DOMAIN_REGISTERS[1].write_domain[1]~20|combout
    Info (332115):     14.498      1.978 RR    IC  ineqsudx_scan|solver|DOMAIN_REGISTERS[1].write_domain[1]~21|datad
    Info (332115):     14.664      0.166 RR  CELL  ineqsudx_scan|solver|DOMAIN_REGISTERS[1].write_domain[1]~21|combout
    Info (332115):     14.664      0.000 RR    IC  ineqsudx_scan|solver|domain[1][1]|d
    Info (332115):     14.753      0.089 RR  CELL  ineqsudx_scan:ineqsudx_scan|ineqsudx_scan_solver:solver|domain[1][1]
    Info (332115): Data Required Path:
    Info (332115): Total (ns)  Incr (ns)     Type  Element
    Info (332115): ==========  ========= ==  ====  ===================================
    Info (332115):      1.000      1.000           latch edge time
    Info (332115):      1.000      0.000           source latency
    Info (332115):      1.000      0.000           clk
    Info (332115):      1.000      0.000 RR    IC  clk~input|i
    Info (332115):      1.735      0.735 RR  CELL  clk~input|o
    Info (332115):      2.593      0.858 RR    IC  clk~inputclkctrl|inclk[0]
    Info (332115):      2.593      0.000 RR  CELL  clk~inputclkctrl|outclk
    Info (332115):      4.063      1.470 RR    IC  ineqsudx_scan|solver|domain[1][1]|clk
    Info (332115):      4.538      0.475 RR  CELL  ineqsudx_scan:ineqsudx_scan|ineqsudx_scan_solver:solver|domain[1][1]
    Info (332115):      4.597      0.059           clock pessimism removed
    Info (332115):      4.577     -0.020           clock uncertainty
    Info (332115):      4.590      0.013     uTsu  ineqsudx_scan:ineqsudx_scan|ineqsudx_scan_solver:solver|domain[1][1]
    Info (332115): Data Arrival Time  :    14.753
    Info (332115): Data Required Time :     4.590
    Info (332115): Slack              :   -10.163 (VIOLATED)
    Info (332115): ===================================================================
Info (23030): Evaluation of Tcl script /data/project/tsmc65/shared/qsyn/util/report_worst.tcl was successful
Info: Quartus Prime Timing Analyzer was successful. 0 errors, 1 warning
    Info: Peak virtual memory: 613 megabytes
    Info: Processing ended: Wed Sep  9 07:17:31 2026
    Info: Elapsed time: 00:00:04
    Info: Total CPU time (on all processors): 00:00:00
