Compiling Application ineqsudx_scan
/data/project/tsmc65/users/perezba/ws/AlwaysSudxIneq/sim
User Name is perezba , hashed to unique port number 10695

PY: starting up on localhost port 10695
PY: waiting for a simulation session connection
PY connection from ('127.0.0.1', 37866)
PY: received Hello from System-Verilog!

PY: sending data back to the client
k5_server.py: Detected system clock speed 100 MHz
Currently Baudrate can be updated only in FPGA , keeping simulation default baudrate 20000000
PY: Changing UART baudrate  to 20000000
PY: Changing UART interface clk_div_cntr to 4 (decimal)
Configuring TB Uart clk_div_cntr to 4
Server in app_mode, launching ineqsudx_scan
Loading app ineqsudx_scan for thread 0
Loading app by sim-fast-back-door mode /data/project/tsmc65/users/perezba/ws/AlwaysSudxIneq/sw/apps/ineqsudx_scan/build/instr_loadmem.txt
Loading app by sim-fast-back-door mode /data/project/tsmc65/users/perezba/ws/AlwaysSudxIneq/sw/apps/ineqsudx_scan/build/data_loadmem.txt
Enabled thread 0
DONE launch_app ineqsudx_scan, launch_type = spmt for thread 0
HELLO SUDOKU SOLVER
pyshell: Opening file /data/project/tsmc65/users/perezba/ws/AlwaysSudxIneq/sw/apps/ineqsudx_scan/../sud_shared/sudoku_input_ineq/set0/plain.txt of type r , file Index is 0
Loading from app_src_dir/../sud_shared/sudoku_input_ineq/set0/plain.txt to address 0x40000000 , byte length : 81
Loaded 81 bytes
pyshell: Closing file /data/project/tsmc65/users/perezba/ws/AlwaysSudxIneq/sw/apps/ineqsudx_scan/../sud_shared/sudoku_input_ineq/set0/plain.txt, file Index is 0
=== Input ===
+---+---+---+---+---+---+---+---+---+
| 1 | . | . | . | . | 7 | . | 9 | . |
+---+---+---+---+---+---+---+---+---+
| . | 3 | . | . | 2 | . | . | . | 8 |
+---+---+---+---+---+---+---+---+---+
| . | . | 9 | 6 | . | . | 5 | . | . |
+---+---+---#---+---+---#---+---+---+
| . | . | 5 | 3 | . | . | 9 | . | . |
+---+---+---+---+---+---+---+---+---+
| . | 1 | . | . | 8 | . | . | . | 2 |
+---+---+---+---+---+---+---+---+---+
| 6 | . | . | . | . | 4 | . | . | . |
+---+---+---#---+---+---#---+---+---+
| 3 | . | . | . | . | . | . | 1 | . |
+---+---+---+---+---+---+---+---+---+
| . | 4 | . | . | . | . | . | . | 7 |
+---+---+---+---+---+---+---+---+---+
| . | . | 7 | . | . | . | 3 | . | . |
+---+---+---+---+---+---+---+---+---+

Solving in progress...

Seting up performance measuring

Sudoku solve                                                   411 cycles

=== Application reported Solved ===
+---+---+---+---+---+---+---+---+---+
| 1 | 6 | 2 | 8 | 5 | 7 | 4 | 9 | 3 |
+---+---+---+---+---+---+---+---+---+
| 5 | 3 | 4 | 1 | 2 | 9 | 6 | 7 | 8 |
+---+---+---+---+---+---+---+---+---+
| 7 | 8 | 9 | 6 | 4 | 3 | 5 | 2 | 1 |
+---+---+---#---+---+---#---+---+---+
| 4 | 7 | 5 | 3 | 1 | 2 | 9 | 8 | 6 |
+---+---+---+---+---+---+---+---+---+
| 9 | 1 | 3 | 5 | 8 | 6 | 7 | 4 | 2 |
+---+---+---+---+---+---+---+---+---+
| 6 | 2 | 8 | 7 | 9 | 4 | 1 | 3 | 5 |
+---+---+---#---+---+---#---+---+---+
| 3 | 5 | 6 | 4 | 7 | 8 | 2 | 1 | 9 |
+---+---+---+---+---+---+---+---+---+
| 2 | 4 | 1 | 9 | 3 | 5 | 8 | 6 | 7 |
+---+---+---+---+---+---+---+---+---+
| 8 | 9 | 7 | 2 | 6 | 1 | 3 | 5 | 4 |
+---+---+---+---+---+---+---+---+---+
Checking compatibility to original board
Checking Sudoku rules compatibility

Solved board PASSED basic Sudoku checker

Solved board PASSED inequalities checker

 pyshell: Quitting Application upon sim_finish()/bm_quit_app() message received over UART
Thread 0 DONE quit_app detected
No active thread
Server is Quitting
