Synthesis mapping...
Done Synthesis ...


Total FPGA Logic Elements (out of about 50K available):   36,137
Total FPGA memory registers:     4,276
Total FPGA memory bits (out of about 1.6 Mbit available): 1,387,872
Info: Quartus Prime Analysis & Synthesis was successful. 0  errors, 12 non-justified warnings
Please Check Report for following non-justified Warnning IDs
[272007, 12158, 10027, 10030, 12020, 276027]

For more details see output_files/k5_xbox_rc3.map.rpt


Checking Fit ...


Info: Quartus Prime Fitter was successful. 0  errors, 2 non-justified warnings
Please Check Report for following non-justified Warnning IDs
[16684, 16618]

For more details see output_files/k5_xbox_rc3.fit.rpt


Checking Timing (STA) ...


Info: Quartus Prime Timing Analyzer was successful. 0  errors, 0 non-justified warnings

Max FPGA Frequency 51.88 MHz


For more details see output_files/k5_xbox_rc3.sta.rpt


FPGA programming files successfully generated and linked to your Desktop k5_xbox_links/k5_xbox_ineqsudx_scan.sof (and .svf)
Download to FPGA board connected machine for execution
NOTICE: you should also download to the FPGA hosting machine your accelerator app C sources in case changed
