------------------------------------------------------------
Timing Analyzer Summary
------------------------------------------------------------

Type  : Slow 1200mV 85C Model Setup 'k5x_pll|altpll_component|auto_generated|pll1|clk[0]'
Slack : -4.405
TNS   : -51.158

Type  : Slow 1200mV 85C Model Setup 'MAX10_CLK1_50'
Slack : 15.910
TNS   : 0.000

Type  : Slow 1200mV 85C Model Setup 'MAX10_CLK2_50'
Slack : 16.787
TNS   : 0.000

Type  : Slow 1200mV 85C Model Hold 'k5x_pll|altpll_component|auto_generated|pll1|clk[0]'
Slack : 0.339
TNS   : 0.000

Type  : Slow 1200mV 85C Model Hold 'MAX10_CLK1_50'
Slack : 0.356
TNS   : 0.000

Type  : Slow 1200mV 85C Model Hold 'MAX10_CLK2_50'
Slack : 0.362
TNS   : 0.000

Type  : Slow 1200mV 85C Model Recovery 'k5x_pll|altpll_component|auto_generated|pll1|clk[0]'
Slack : 12.673
TNS   : 0.000

Type  : Slow 1200mV 85C Model Removal 'k5x_pll|altpll_component|auto_generated|pll1|clk[0]'
Slack : 1.763
TNS   : 0.000

Type  : Slow 1200mV 85C Model Minimum Pulse Width 'MAX10_CLK1_50'
Slack : 9.646
TNS   : 0.000

Type  : Slow 1200mV 85C Model Minimum Pulse Width 'MAX10_CLK2_50'
Slack : 9.660
TNS   : 0.000

Type  : Slow 1200mV 85C Model Minimum Pulse Width 'k5x_pll|altpll_component|auto_generated|pll1|clk[0]'
Slack : 9.667
TNS   : 0.000

Type  : Slow 1200mV 85C Model Minimum Pulse Width 'ADC_CLK_10'
Slack : 96.000
TNS   : 0.000

Type  : Slow 1200mV 0C Model Setup 'k5x_pll|altpll_component|auto_generated|pll1|clk[0]'
Slack : -2.676
TNS   : -15.512

Type  : Slow 1200mV 0C Model Setup 'MAX10_CLK1_50'
Slack : 16.303
TNS   : 0.000

Type  : Slow 1200mV 0C Model Setup 'MAX10_CLK2_50'
Slack : 17.121
TNS   : 0.000

Type  : Slow 1200mV 0C Model Hold 'k5x_pll|altpll_component|auto_generated|pll1|clk[0]'
Slack : 0.305
TNS   : 0.000

Type  : Slow 1200mV 0C Model Hold 'MAX10_CLK1_50'
Slack : 0.323
TNS   : 0.000

Type  : Slow 1200mV 0C Model Hold 'MAX10_CLK2_50'
Slack : 0.327
TNS   : 0.000

Type  : Slow 1200mV 0C Model Recovery 'k5x_pll|altpll_component|auto_generated|pll1|clk[0]'
Slack : 13.342
TNS   : 0.000

Type  : Slow 1200mV 0C Model Removal 'k5x_pll|altpll_component|auto_generated|pll1|clk[0]'
Slack : 1.602
TNS   : 0.000

Type  : Slow 1200mV 0C Model Minimum Pulse Width 'MAX10_CLK1_50'
Slack : 9.660
TNS   : 0.000

Type  : Slow 1200mV 0C Model Minimum Pulse Width 'MAX10_CLK2_50'
Slack : 9.670
TNS   : 0.000

Type  : Slow 1200mV 0C Model Minimum Pulse Width 'k5x_pll|altpll_component|auto_generated|pll1|clk[0]'
Slack : 9.685
TNS   : 0.000

Type  : Slow 1200mV 0C Model Minimum Pulse Width 'ADC_CLK_10'
Slack : 96.000
TNS   : 0.000

Type  : Fast 1200mV 0C Model Setup 'k5x_pll|altpll_component|auto_generated|pll1|clk[0]'
Slack : 8.968
TNS   : 0.000

Type  : Fast 1200mV 0C Model Setup 'MAX10_CLK1_50'
Slack : 18.206
TNS   : 0.000

Type  : Fast 1200mV 0C Model Setup 'MAX10_CLK2_50'
Slack : 18.733
TNS   : 0.000

Type  : Fast 1200mV 0C Model Hold 'k5x_pll|altpll_component|auto_generated|pll1|clk[0]'
Slack : 0.147
TNS   : 0.000

Type  : Fast 1200mV 0C Model Hold 'MAX10_CLK1_50'
Slack : 0.153
TNS   : 0.000

Type  : Fast 1200mV 0C Model Hold 'MAX10_CLK2_50'
Slack : 0.156
TNS   : 0.000

Type  : Fast 1200mV 0C Model Recovery 'k5x_pll|altpll_component|auto_generated|pll1|clk[0]'
Slack : 16.340
TNS   : 0.000

Type  : Fast 1200mV 0C Model Removal 'k5x_pll|altpll_component|auto_generated|pll1|clk[0]'
Slack : 0.553
TNS   : 0.000

Type  : Fast 1200mV 0C Model Minimum Pulse Width 'MAX10_CLK1_50'
Slack : 9.328
TNS   : 0.000

Type  : Fast 1200mV 0C Model Minimum Pulse Width 'MAX10_CLK2_50'
Slack : 9.331
TNS   : 0.000

Type  : Fast 1200mV 0C Model Minimum Pulse Width 'k5x_pll|altpll_component|auto_generated|pll1|clk[0]'
Slack : 9.710
TNS   : 0.000

Type  : Fast 1200mV 0C Model Minimum Pulse Width 'ADC_CLK_10'
Slack : 96.000
TNS   : 0.000

------------------------------------------------------------
