------------------------------------------------------------
Timing Analyzer Summary
------------------------------------------------------------

Type  : Slow 1200mV 85C Model Setup 'k5x_pll|altpll_component|auto_generated|pll1|clk[0]'
Slack : 2.596
TNS   : 0.000

Type  : Slow 1200mV 85C Model Setup 'MAX10_CLK1_50'
Slack : 16.074
TNS   : 0.000

Type  : Slow 1200mV 85C Model Setup 'MAX10_CLK2_50'
Slack : 16.651
TNS   : 0.000

Type  : Slow 1200mV 85C Model Hold 'k5x_pll|altpll_component|auto_generated|pll1|clk[0]'
Slack : 0.284
TNS   : 0.000

Type  : Slow 1200mV 85C Model Hold 'MAX10_CLK1_50'
Slack : 0.355
TNS   : 0.000

Type  : Slow 1200mV 85C Model Hold 'MAX10_CLK2_50'
Slack : 0.362
TNS   : 0.000

Type  : Slow 1200mV 85C Model Recovery 'k5x_pll|altpll_component|auto_generated|pll1|clk[0]'
Slack : 13.259
TNS   : 0.000

Type  : Slow 1200mV 85C Model Removal 'k5x_pll|altpll_component|auto_generated|pll1|clk[0]'
Slack : 1.317
TNS   : 0.000

Type  : Slow 1200mV 85C Model Minimum Pulse Width 'MAX10_CLK1_50'
Slack : 9.650
TNS   : 0.000

Type  : Slow 1200mV 85C Model Minimum Pulse Width 'MAX10_CLK2_50'
Slack : 9.660
TNS   : 0.000

Type  : Slow 1200mV 85C Model Minimum Pulse Width 'k5x_pll|altpll_component|auto_generated|pll1|clk[0]'
Slack : 9.667
TNS   : 0.000

Type  : Slow 1200mV 85C Model Minimum Pulse Width 'ADC_CLK_10'
Slack : 96.000
TNS   : 0.000

Type  : Slow 1200mV 0C Model Setup 'k5x_pll|altpll_component|auto_generated|pll1|clk[0]'
Slack : 3.842
TNS   : 0.000

Type  : Slow 1200mV 0C Model Setup 'MAX10_CLK1_50'
Slack : 16.444
TNS   : 0.000

Type  : Slow 1200mV 0C Model Setup 'MAX10_CLK2_50'
Slack : 17.001
TNS   : 0.000

Type  : Slow 1200mV 0C Model Hold 'k5x_pll|altpll_component|auto_generated|pll1|clk[0]'
Slack : 0.278
TNS   : 0.000

Type  : Slow 1200mV 0C Model Hold 'MAX10_CLK1_50'
Slack : 0.322
TNS   : 0.000

Type  : Slow 1200mV 0C Model Hold 'MAX10_CLK2_50'
Slack : 0.327
TNS   : 0.000

Type  : Slow 1200mV 0C Model Recovery 'k5x_pll|altpll_component|auto_generated|pll1|clk[0]'
Slack : 13.849
TNS   : 0.000

Type  : Slow 1200mV 0C Model Removal 'k5x_pll|altpll_component|auto_generated|pll1|clk[0]'
Slack : 1.181
TNS   : 0.000

Type  : Slow 1200mV 0C Model Minimum Pulse Width 'MAX10_CLK1_50'
Slack : 9.659
TNS   : 0.000

Type  : Slow 1200mV 0C Model Minimum Pulse Width 'MAX10_CLK2_50'
Slack : 9.670
TNS   : 0.000

Type  : Slow 1200mV 0C Model Minimum Pulse Width 'k5x_pll|altpll_component|auto_generated|pll1|clk[0]'
Slack : 9.685
TNS   : 0.000

Type  : Slow 1200mV 0C Model Minimum Pulse Width 'ADC_CLK_10'
Slack : 96.000
TNS   : 0.000

Type  : Fast 1200mV 0C Model Setup 'k5x_pll|altpll_component|auto_generated|pll1|clk[0]'
Slack : 11.923
TNS   : 0.000

Type  : Fast 1200mV 0C Model Setup 'MAX10_CLK1_50'
Slack : 18.292
TNS   : 0.000

Type  : Fast 1200mV 0C Model Setup 'MAX10_CLK2_50'
Slack : 18.663
TNS   : 0.000

Type  : Fast 1200mV 0C Model Hold 'k5x_pll|altpll_component|auto_generated|pll1|clk[0]'
Slack : 0.106
TNS   : 0.000

Type  : Fast 1200mV 0C Model Hold 'MAX10_CLK1_50'
Slack : 0.152
TNS   : 0.000

Type  : Fast 1200mV 0C Model Hold 'MAX10_CLK2_50'
Slack : 0.156
TNS   : 0.000

Type  : Fast 1200mV 0C Model Recovery 'k5x_pll|altpll_component|auto_generated|pll1|clk[0]'
Slack : 16.745
TNS   : 0.000

Type  : Fast 1200mV 0C Model Removal 'k5x_pll|altpll_component|auto_generated|pll1|clk[0]'
Slack : 0.396
TNS   : 0.000

Type  : Fast 1200mV 0C Model Minimum Pulse Width 'MAX10_CLK1_50'
Slack : 9.325
TNS   : 0.000

Type  : Fast 1200mV 0C Model Minimum Pulse Width 'MAX10_CLK2_50'
Slack : 9.331
TNS   : 0.000

Type  : Fast 1200mV 0C Model Minimum Pulse Width 'k5x_pll|altpll_component|auto_generated|pll1|clk[0]'
Slack : 9.710
TNS   : 0.000

Type  : Fast 1200mV 0C Model Minimum Pulse Width 'ADC_CLK_10'
Slack : 96.000
TNS   : 0.000

------------------------------------------------------------
