------------------------------------------------------------
Timing Analyzer Summary
------------------------------------------------------------

Type  : Slow 1200mV 85C Model Setup 'k5x_pll|altpll_component|auto_generated|pll1|clk[0]'
Slack : 2.326
TNS   : 0.000

Type  : Slow 1200mV 85C Model Setup 'MAX10_CLK1_50'
Slack : 16.283
TNS   : 0.000

Type  : Slow 1200mV 85C Model Setup 'MAX10_CLK2_50'
Slack : 16.651
TNS   : 0.000

Type  : Slow 1200mV 85C Model Hold 'k5x_pll|altpll_component|auto_generated|pll1|clk[0]'
Slack : 0.258
TNS   : 0.000

Type  : Slow 1200mV 85C Model Hold 'MAX10_CLK1_50'
Slack : 0.363
TNS   : 0.000

Type  : Slow 1200mV 85C Model Hold 'MAX10_CLK2_50'
Slack : 0.363
TNS   : 0.000

Type  : Slow 1200mV 85C Model Recovery 'k5x_pll|altpll_component|auto_generated|pll1|clk[0]'
Slack : 12.754
TNS   : 0.000

Type  : Slow 1200mV 85C Model Removal 'k5x_pll|altpll_component|auto_generated|pll1|clk[0]'
Slack : 1.657
TNS   : 0.000

Type  : Slow 1200mV 85C Model Minimum Pulse Width 'MAX10_CLK1_50'
Slack : 9.638
TNS   : 0.000

Type  : Slow 1200mV 85C Model Minimum Pulse Width 'MAX10_CLK2_50'
Slack : 9.661
TNS   : 0.000

Type  : Slow 1200mV 85C Model Minimum Pulse Width 'k5x_pll|altpll_component|auto_generated|pll1|clk[0]'
Slack : 9.667
TNS   : 0.000

Type  : Slow 1200mV 85C Model Minimum Pulse Width 'ADC_CLK_10'
Slack : 96.000
TNS   : 0.000

Type  : Slow 1200mV 0C Model Setup 'k5x_pll|altpll_component|auto_generated|pll1|clk[0]'
Slack : 3.738
TNS   : 0.000

Type  : Slow 1200mV 0C Model Setup 'MAX10_CLK1_50'
Slack : 16.627
TNS   : 0.000

Type  : Slow 1200mV 0C Model Setup 'MAX10_CLK2_50'
Slack : 17.001
TNS   : 0.000

Type  : Slow 1200mV 0C Model Hold 'k5x_pll|altpll_component|auto_generated|pll1|clk[0]'
Slack : 0.258
TNS   : 0.000

Type  : Slow 1200mV 0C Model Hold 'MAX10_CLK2_50'
Slack : 0.327
TNS   : 0.000

Type  : Slow 1200mV 0C Model Hold 'MAX10_CLK1_50'
Slack : 0.328
TNS   : 0.000

Type  : Slow 1200mV 0C Model Recovery 'k5x_pll|altpll_component|auto_generated|pll1|clk[0]'
Slack : 13.371
TNS   : 0.000

Type  : Slow 1200mV 0C Model Removal 'k5x_pll|altpll_component|auto_generated|pll1|clk[0]'
Slack : 1.495
TNS   : 0.000

Type  : Slow 1200mV 0C Model Minimum Pulse Width 'MAX10_CLK1_50'
Slack : 9.649
TNS   : 0.000

Type  : Slow 1200mV 0C Model Minimum Pulse Width 'MAX10_CLK2_50'
Slack : 9.670
TNS   : 0.000

Type  : Slow 1200mV 0C Model Minimum Pulse Width 'k5x_pll|altpll_component|auto_generated|pll1|clk[0]'
Slack : 9.685
TNS   : 0.000

Type  : Slow 1200mV 0C Model Minimum Pulse Width 'ADC_CLK_10'
Slack : 96.000
TNS   : 0.000

Type  : Fast 1200mV 0C Model Setup 'k5x_pll|altpll_component|auto_generated|pll1|clk[0]'
Slack : 12.096
TNS   : 0.000

Type  : Fast 1200mV 0C Model Setup 'MAX10_CLK1_50'
Slack : 18.366
TNS   : 0.000

Type  : Fast 1200mV 0C Model Setup 'MAX10_CLK2_50'
Slack : 18.663
TNS   : 0.000

Type  : Fast 1200mV 0C Model Hold 'k5x_pll|altpll_component|auto_generated|pll1|clk[0]'
Slack : 0.102
TNS   : 0.000

Type  : Fast 1200mV 0C Model Hold 'MAX10_CLK1_50'
Slack : 0.156
TNS   : 0.000

Type  : Fast 1200mV 0C Model Hold 'MAX10_CLK2_50'
Slack : 0.156
TNS   : 0.000

Type  : Fast 1200mV 0C Model Recovery 'k5x_pll|altpll_component|auto_generated|pll1|clk[0]'
Slack : 16.435
TNS   : 0.000

Type  : Fast 1200mV 0C Model Removal 'k5x_pll|altpll_component|auto_generated|pll1|clk[0]'
Slack : 0.536
TNS   : 0.000

Type  : Fast 1200mV 0C Model Minimum Pulse Width 'MAX10_CLK1_50'
Slack : 9.329
TNS   : 0.000

Type  : Fast 1200mV 0C Model Minimum Pulse Width 'MAX10_CLK2_50'
Slack : 9.331
TNS   : 0.000

Type  : Fast 1200mV 0C Model Minimum Pulse Width 'k5x_pll|altpll_component|auto_generated|pll1|clk[0]'
Slack : 9.710
TNS   : 0.000

Type  : Fast 1200mV 0C Model Minimum Pulse Width 'ADC_CLK_10'
Slack : 96.000
TNS   : 0.000

------------------------------------------------------------
