Compiling Application sudx_scan
/project/tsmc65/users/perezba/ws/AlwaysSudx/sim
User Name is perezba , hashed to unique port number 10695

PY: starting up on localhost port 10695
PY: waiting for a simulation session connection
PY connection from ('127.0.0.1', 60046)
PY: received Hello from System-Verilog!

PY: sending data back to the client
k5_server.py: Detected system clock speed 100 MHz
Currently Baudrate can be updated only in FPGA , keeping simulation default baudrate 20000000
PY: Changing UART baudrate  to 20000000
PY: Changing UART interface clk_div_cntr to 4 (decimal)
Configuring TB Uart clk_div_cntr to 4
Server in app_mode, launching sudx_scan
Loading app sudx_scan for thread 0
Loading app by sim-fast-back-door mode /project/tsmc65/users/perezba/ws/AlwaysSudx/sw/apps/sudx_scan/build/instr_loadmem.txt
Loading app by sim-fast-back-door mode /project/tsmc65/users/perezba/ws/AlwaysSudx/sw/apps/sudx_scan/build/data_loadmem.txt
Enabled thread 0
DONE launch_app sudx_scan, launch_type = spmt for thread 0
HELLO SUDOKU SOLVER
pyshell: Opening file /project/tsmc65/users/perezba/ws/AlwaysSudx/sw/apps/sud_shared/sudoku_input_std/hard9.txt of type r , file Index is 0
Loading from $MY_K5_PROJ/sw/apps/sud_shared/sudoku_input_std/hard9.txt to address 0x40000000 , byte length : 81
Loaded 81 bytes
pyshell: Closing file /project/tsmc65/users/perezba/ws/AlwaysSudx/sw/apps/sud_shared/sudoku_input_std/hard9.txt, file Index is 0
=== Input ===
 0 0 0 | 0 0 0 | 6 0 0
 0 0 1 | 0 0 0 | 2 0 0
 0 0 8 | 0 0 9 | 0 0 0
 ------+-------+------
 3 6 0 | 0 0 0 | 0 0 0
 0 0 0 | 1 7 0 | 0 0 0
 0 2 0 | 0 0 5 | 0 0 0
 ------+-------+------
 0 9 0 | 0 0 0 | 0 8 0
 0 0 0 | 3 0 6 | 0 0 0
 0 0 5 | 0 0 0 | 0 7 0



Solving in progress...

Seting up performance measuring

Sudoku solve                                                   315 cycles

=== Application reported Solved ===
 2 5 3 | 8 4 7 | 6 1 9
 9 7 1 | 5 6 3 | 2 4 8
 6 4 8 | 2 1 9 | 7 3 5
 ------+-------+------
 3 6 7 | 4 9 8 | 5 2 1
 5 8 9 | 1 7 2 | 4 6 3
 1 2 4 | 6 3 5 | 8 9 7
 ------+-------+------
 4 9 6 | 7 5 1 | 3 8 2
 7 1 2 | 3 8 6 | 9 5 4
 8 3 5 | 9 2 4 | 1 7 6


Checking comptability to original board
Checking Sudoku rules compatibility

Solved board PASSED final checker

 pyshell: Quitting Application upon sim_finish()/bm_quit_app() message received over UART
Thread 0 DONE quit_app detected
No active thread
Server is Quitting
