Compiling Application ineqsudx_scan
/project/tsmc65/users/perezba/ws/AlwaysSudxIneqBuild/sim
User Name is perezba , hashed to unique port number 10695

PY: starting up on localhost port 10695
PY: waiting for a simulation session connection
PY connection from ('127.0.0.1', 60714)
PY: received Hello from System-Verilog!

PY: sending data back to the client
k5_server.py: Detected system clock speed 100 MHz
Currently Baudrate can be updated only in FPGA , keeping simulation default baudrate 20000000
PY: Changing UART baudrate  to 20000000
PY: Changing UART interface clk_div_cntr to 4 (decimal)
Configuring TB Uart clk_div_cntr to 4
Server in app_mode, launching ineqsudx_scan
Loading app ineqsudx_scan for thread 0
Loading app by sim-fast-back-door mode /project/tsmc65/users/perezba/ws/AlwaysSudxIneqBuild/sw/apps/ineqsudx_scan/build/instr_loadmem.txt
Loading app by sim-fast-back-door mode /project/tsmc65/users/perezba/ws/AlwaysSudxIneqBuild/sw/apps/ineqsudx_scan/build/data_loadmem.txt
Enabled thread 0
DONE launch_app ineqsudx_scan, launch_type = spmt for thread 0
HELLO SUDOKU SOLVER
pyshell: Opening file /project/tsmc65/users/perezba/ws/AlwaysSudxIneqBuild/sw/apps/ineqsudx_scan/../sud_shared/sudoku_input_ineq/set1/easy1.txt of type r , file Index is 0
Loading from app_src_dir/../sud_shared/sudoku_input_ineq/set1/easy1.txt to address 0x40000000 , byte length : 81
Loaded 81 bytes
pyshell: Closing file /project/tsmc65/users/perezba/ws/AlwaysSudxIneqBuild/sw/apps/ineqsudx_scan/../sud_shared/sudoku_input_ineq/set1/easy1.txt, file Index is 0
=== Input ===
+---+---+---+---+---+---+---+---+---+
| 4 | . | 3 | . | 5 | 7 | 2 | . | 1 |
+---+---+---+---+---+---+---+---+---+
| 9 | . | . | . | . > . | . | 4 | . |
+---+---+-^-+---+---+---+---+---+---+
| . | . | . | 1 | . | . | 9 | 5 | 3 |
+---+---+---#---+---+-^-#---+---+---+
| . < 9 | 8 | 4 | 7 | 5 | 6 | . | . |
+---+---+---+---+---+---+-V-+---+---+
| . | 5 | . | . | 9 | 3 | 1 | . | 4 |
+---+---+---+---+---+---+---+---+---+
| . | . | . < 6 | 2 | 1 | 5 | 8 | . |
+---+---+---#---+-^-+---#---+---+---+
| . | . | . | 2 | 4 | . | 8 < 9 | . |
+---+---+---+---+---+---+---+---+---+
| . | 4 | . | 7 | 1 | 9 | 3 > 2 | 5 |
+---+---+---+---+-^-+-V-+---+---+---+
| 7 | 2 | 9 > . | 3 | 8 | 4 | . | 6 |
+---+---+---+---+---+---+---+---+---+

Solving in progress...

Seting up performance measuring

Sudoku solve                                                   291 cycles

=== Application reported Solved ===
+---+---+---+---+---+---+---+---+---+
| 4 | 8 | 3 | 9 | 5 | 7 | 2 | 6 | 1 |
+---+---+---+---+---+---+---+---+---+
| 9 | 1 | 5 | 3 | 6 > 2 | 7 | 4 | 8 |
+---+---+-^-+---+---+---+---+---+---+
| 2 | 6 | 7 | 1 | 8 | 4 | 9 | 5 | 3 |
+---+---+---#---+---+-^-#---+---+---+
| 1 < 9 | 8 | 4 | 7 | 5 | 6 | 3 | 2 |
+---+---+---+---+---+---+-V-+---+---+
| 6 | 5 | 2 | 8 | 9 | 3 | 1 | 7 | 4 |
+---+---+---+---+---+---+---+---+---+
| 3 | 7 | 4 < 6 | 2 | 1 | 5 | 8 | 9 |
+---+---+---#---+-^-+---#---+---+---+
| 5 | 3 | 1 | 2 | 4 | 6 | 8 < 9 | 7 |
+---+---+---+---+---+---+---+---+---+
| 8 | 4 | 6 | 7 | 1 | 9 | 3 > 2 | 5 |
+---+---+---+---+-^-+-V-+---+---+---+
| 7 | 2 | 9 > 5 | 3 | 8 | 4 | 1 | 6 |
+---+---+---+---+---+---+---+---+---+
Checking compatibility to original board
Checking Sudoku rules compatibility

Solved board PASSED basic Sudoku checker

Solved board PASSED inequalities checker

 pyshell: Quitting Application upon sim_finish()/bm_quit_app() message received over UART
Thread 0 DONE quit_app detected
No active thread
Server is Quitting
