Compiling Application ineqsudx_scan
/data/project/tsmc65/users/perezba/ws/AlwaysSudxIneqBuild/sim
User Name is perezba , hashed to unique port number 10695

PY: starting up on localhost port 10695
PY: waiting for a simulation session connection
PY connection from ('127.0.0.1', 37076)
PY: received Hello from System-Verilog!

PY: sending data back to the client
k5_server.py: Detected system clock speed 100 MHz
Currently Baudrate can be updated only in FPGA , keeping simulation default baudrate 20000000
PY: Changing UART baudrate  to 20000000
PY: Changing UART interface clk_div_cntr to 4 (decimal)
Configuring TB Uart clk_div_cntr to 4
Server in app_mode, launching ineqsudx_scan
Loading app ineqsudx_scan for thread 0
Loading app by sim-fast-back-door mode /data/project/tsmc65/users/perezba/ws/AlwaysSudxIneqBuild/sw/apps/ineqsudx_scan/build/instr_loadmem.txt
Loading app by sim-fast-back-door mode /data/project/tsmc65/users/perezba/ws/AlwaysSudxIneqBuild/sw/apps/ineqsudx_scan/build/data_loadmem.txt
Enabled thread 0
DONE launch_app ineqsudx_scan, launch_type = spmt for thread 0
HELLO SUDOKU SOLVER
pyshell: Opening file /data/project/tsmc65/users/perezba/ws/AlwaysSudxIneqBuild/sw/apps/ineqsudx_scan/../sud_shared/sudoku_input_ineq/set1/hard2.txt of type r , file Index is 0
Loading from app_src_dir/../sud_shared/sudoku_input_ineq/set1/hard2.txt to address 0x40000000 , byte length : 81
Loaded 81 bytes
pyshell: Closing file /data/project/tsmc65/users/perezba/ws/AlwaysSudxIneqBuild/sw/apps/ineqsudx_scan/../sud_shared/sudoku_input_ineq/set1/hard2.txt, file Index is 0
=== Input ===
+---+---+---+---+---+---+---+---+---+
| 8 | . > . | 1 < . | . | . | . | . |
+---+---+---+---+---+---+-V-+---+---+
| . | 1 | . | 4 | 7 | . | 8 | . | . |
+---+-^-+---+---+---+-V-+---+---+---+
| . | 3 | . | 6 < 8 | 5 < . > . | . |
+-V-+-^-+---#---+---+---#---+---+---+
| . | . | 2 | . | . | . | 6 | . | . |
+---+---+---+---+---+---+---+---+-V-+
| . | 9 | . < . | 5 | . > . | . | 7 |
+---+---+---+-V-+---+-^-+---+---+---+
| . | . | 1 | . | . > . | 3 | 4 < . |
+---+---+---#---+---+---#---+---+---+
| 5 | . | . | . | 1 | . > 4 | . | . |
+-V-+---+---+---+---+-V-+---+---+---+
| 3 | . | . > . | . | . | 1 | . < . |
+---+-V-+---+---+---+---+---+---+-V-+
| . | 4 | . | 9 | . | . | 5 | . | 2 |
+---+---+---+---+---+---+---+---+---+

Solving in progress...

Seting up performance measuring

Sudoku solve                                                   315 cycles

=== Application reported Solved ===
+---+---+---+---+---+---+---+---+---+
| 8 | 7 > 5 | 1 < 2 | 3 | 9 | 6 | 4 |
+---+---+---+---+---+---+-V-+---+---+
| 2 | 1 | 6 | 4 | 7 | 9 | 8 | 5 | 3 |
+---+-^-+---+---+---+-V-+---+---+---+
| 9 | 3 | 4 | 6 < 8 | 5 < 7 > 2 | 1 |
+-V-+-^-+---#---+---+---#---+---+---+
| 4 | 5 | 2 | 7 | 3 | 1 | 6 | 8 | 9 |
+---+---+---+---+---+---+---+---+-V-+
| 6 | 9 | 3 < 8 | 5 | 4 > 2 | 1 | 7 |
+---+---+---+-V-+---+-^-+---+---+---+
| 7 | 8 | 1 | 2 | 9 > 6 | 3 | 4 < 5 |
+---+---+---#---+---+---#---+---+---+
| 5 | 2 | 7 | 3 | 1 | 8 > 4 | 9 | 6 |
+-V-+---+---+---+---+-V-+---+---+---+
| 3 | 6 | 9 > 5 | 4 | 2 | 1 | 7 < 8 |
+---+-V-+---+---+---+---+---+---+-V-+
| 1 | 4 | 8 | 9 | 6 | 7 | 5 | 3 | 2 |
+---+---+---+---+---+---+---+---+---+
Checking compatibility to original board
Checking Sudoku rules compatibility

Solved board PASSED basic Sudoku checker

Solved board PASSED inequalities checker

 pyshell: Quitting Application upon sim_finish()/bm_quit_app() message received over UART
Thread 0 DONE quit_app detected
No active thread
Server is Quitting
