Checking Synthesis ...
Done Synthesis ...


Total FPGA Logic Elements:      23,949
Total FPGA memory registers:     2,999
Total FPGA memory bits:          1,215
Total FPGA memory bits:          1,215
Info: Quartus Prime Analysis & Synthesis was successful. 0  errors, 41 non-justified warnings
Please Check Report for following non-justified Warnning IDs
[10036, 12158, 10230, 12161, 276027, 13024, 13410]

NOTICE! Your design include some possible justified warnings as:
"No output dependent on input pin"
"input pin(s) that do not drive logic"
Please Carefully review the report and make sure the specific reported unused inputs are justified


For more details see qsyn_output_files/sudx_scan.map.rpt


Checking Fit ...


Info: Quartus Prime Fitter was successful. 0  errors, 1 non-justified warnings
Please Check Report for following non-justified Warnning IDs
[332012]

For more details see qsyn_output_files/sudx_scan.fit.rpt


Checking Timing (STA) ...


Info: Quartus Prime Timing Analyzer was successful. 0  errors, 4 non-justified warnings
Please Check Report for following non-justified Warnning IDs
[332012, 332148]

Max FPGA Frequency 72.81 MHz


For more details see qsyn_output_files/sudx_scan.sta.rpt


Worst case paths listed at: qsyn_output_files/sta_sudx_scan_worst_paths.rpt
Generating qsyn submission archive: qsyn_sudx_scan_perezba_070926_2211.tgz


